Archive member included to satisfy reference by file (symbol)

app/libapp.a(main.c.obj)      (--whole-archive)
app/libapp.a(sensor_drv.c.obj)
                              (--whole-archive)
app/libapp.a(flash_mgr.c.obj)
                              (--whole-archive)
app/libapp.a(crypto_mgr.c.obj)
                              (--whole-archive)
zephyr/libzephyr.a(validate_libc.c.obj)
                              (--whole-archive)
zephyr/libzephyr.a(heap.c.obj)
                              (--whole-archive)
zephyr/libzephyr.a(cbprintf_packaged.c.obj)
                              (--whole-archive)
zephyr/libzephyr.a(clock.c.obj)
                              (--whole-archive)
zephyr/libzephyr.a(printk.c.obj)
                              (--whole-archive)
zephyr/libzephyr.a(sem.c.obj)
                              (--whole-archive)
zephyr/libzephyr.a(thread_entry.c.obj)
                              (--whole-archive)
zephyr/libzephyr.a(cbprintf_complete.c.obj)
                              (--whole-archive)
zephyr/libzephyr.a(assert.c.obj)
                              (--whole-archive)
zephyr/libzephyr.a(mpsc_pbuf.c.obj)
                              (--whole-archive)
zephyr/libzephyr.a(dec.c.obj)
                              (--whole-archive)
zephyr/libzephyr.a(hex.c.obj)
                              (--whole-archive)
zephyr/libzephyr.a(rb.c.obj)  (--whole-archive)
zephyr/libzephyr.a(timeutil.c.obj)
                              (--whole-archive)
zephyr/libzephyr.a(bitarray.c.obj)
                              (--whole-archive)
zephyr/libzephyr.a(bitmask.c.obj)
                              (--whole-archive)
zephyr/libzephyr.a(onoff.c.obj)
                              (--whole-archive)
zephyr/libzephyr.a(notify.c.obj)
                              (--whole-archive)
zephyr/libzephyr.a(ring_buffer.c.obj)
                              (--whole-archive)
zephyr/libzephyr.a(last_section_id.c.obj)
                              (--whole-archive)
zephyr/libzephyr.a(configs.c.obj)
                              (--whole-archive)
zephyr/libzephyr.a(log_core.c.obj)
                              (--whole-archive)
zephyr/libzephyr.a(log_mgmt.c.obj)
                              (--whole-archive)
zephyr/libzephyr.a(log_cache.c.obj)
                              (--whole-archive)
zephyr/libzephyr.a(log_msg.c.obj)
                              (--whole-archive)
zephyr/libzephyr.a(log_output.c.obj)
                              (--whole-archive)
zephyr/libzephyr.a(log_backend_uart.c.obj)
                              (--whole-archive)
zephyr/libzephyr.a(mem_attr.c.obj)
                              (--whole-archive)
zephyr/libzephyr.a(tracing_none.c.obj)
                              (--whole-archive)
zephyr/libzephyr.a(banner.c.obj)
                              (--whole-archive)
zephyr/libzephyr.a(flash_map_partition_manager.c.obj)
                              (--whole-archive)
zephyr/arch/common/libarch__common.a(sw_isr_common.c.obj)
                              (--whole-archive)
zephyr/arch/common/libarch__common.a(init.c.obj)
                              (--whole-archive)
zephyr/arch/common/libarch__common.a(xip.c.obj)
                              (--whole-archive)
zephyr/arch/arch/arm/core/libarch__arm__core.a(fatal.c.obj)
                              (--whole-archive)
zephyr/arch/arch/arm/core/libarch__arm__core.a(nmi.c.obj)
                              (--whole-archive)
zephyr/arch/arch/arm/core/libarch__arm__core.a(nmi_on_reset.S.obj)
                              (--whole-archive)
zephyr/arch/arch/arm/core/libarch__arm__core.a(tls.c.obj)
                              (--whole-archive)
zephyr/arch/arch/arm/core/cortex_m/libarch__arm__core__cortex_m.a(exc_exit.c.obj)
                              (--whole-archive)
zephyr/arch/arch/arm/core/cortex_m/libarch__arm__core__cortex_m.a(fault.c.obj)
                              (--whole-archive)
zephyr/arch/arch/arm/core/cortex_m/libarch__arm__core__cortex_m.a(fault_s.S.obj)
                              (--whole-archive)
zephyr/arch/arch/arm/core/cortex_m/libarch__arm__core__cortex_m.a(fpu.c.obj)
                              (--whole-archive)
zephyr/arch/arch/arm/core/cortex_m/libarch__arm__core__cortex_m.a(reset.S.obj)
                              (--whole-archive)
zephyr/arch/arch/arm/core/cortex_m/libarch__arm__core__cortex_m.a(scb.c.obj)
                              (--whole-archive)
zephyr/arch/arch/arm/core/cortex_m/libarch__arm__core__cortex_m.a(thread_abort.c.obj)
                              (--whole-archive)
zephyr/arch/arch/arm/core/cortex_m/libarch__arm__core__cortex_m.a(vector_table.S.obj)
                              (--whole-archive)
zephyr/arch/arch/arm/core/cortex_m/libarch__arm__core__cortex_m.a(swap_helper.S.obj)
                              (--whole-archive)
zephyr/arch/arch/arm/core/cortex_m/libarch__arm__core__cortex_m.a(irq_manage.c.obj)
                              (--whole-archive)
[...]
Memory Configuration

Name             Origin             Length             Attributes
FLASH            0x0000000000000000 0x0000000000165000 xr
RAM              0x0000000020000000 0x000000000002f000 xw
IDT_LIST         0x00000000ffff7fff 0x0000000000008000 xw
*default*        0x0000000000000000 0xffffffffffffffff

Linker script and memory map

                0x0000000000006518                vfprintf = __l_vfprintf
                0x0000000000000000                vfscanf = __l_vfscanf
LOAD zephyr/CMakeFiles/zephyr_final.dir/misc/empty_file.c.obj
LOAD zephyr/CMakeFiles/zephyr_final.dir/isr_tables.c.obj
LOAD zephyr/CMakeFiles/offsets.dir/./arch/arm/core/offsets/offsets.c.obj
LOAD app/libapp.a
LOAD zephyr/libzephyr.a
LOAD zephyr/arch/common/libarch__common.a
LOAD zephyr/arch/arch/arm/core/libarch__arm__core.a
LOAD zephyr/arch/arch/arm/core/cortex_m/libarch__arm__core__cortex_m.a
LOAD zephyr/arch/arch/arm/core/cortex_m/cmse/libarch__arm__core__cortex_m__cmse.a
LOAD zephyr/arch/arch/arm/core/mpu/libarch__arm__core__mpu.a
LOAD zephyr/lib/libc/picolibc/liblib__libc__picolibc.a
LOAD zephyr/lib/libc/common/liblib__libc__common.a
LOAD zephyr/soc/soc/nrf54l15/libsoc__nordic.a
LOAD zephyr/drivers/cache/libdrivers__cache.a
LOAD zephyr/drivers/clock_control/libdrivers__clock_control.a
LOAD zephyr/drivers/console/libdrivers__console.a
LOAD zephyr/drivers/gpio/libdrivers__gpio.a
LOAD zephyr/drivers/pinctrl/libdrivers__pinctrl.a
LOAD zephyr/drivers/serial/libdrivers__serial.a
LOAD zephyr/drivers/timer/libdrivers__timer.a
LOAD modules/nrf/subsys/nrf_security/src/zephyr/libmbedtls_zephyr.a
LOAD modules/hal_nordic/modules/hal_nordic/nrfx/libmodules__hal_nordic__nrfx.a
LOAD zephyr/kernel/libkernel.a
LOAD modules/nrf/subsys/nrf_security/src/libmbedcrypto.a
LOAD modules/nrf/subsys/nrf_security/src/core/nrf_oberon/libpsa_core.a
LOAD modules/nrf/subsys/nrf_security/src/drivers/cracen/libcracen_psa_driver.a
LOAD modules/nrf/subsys/nrf_security/src/libmbedcrypto_base.a
LOAD modules/nrf/subsys/nrf_security/src/libnrf_security_utils.a
LOAD zephyr/kernel/libkernel.a
LOAD zephyr/arch/common/libisr_tables.a
LOAD /opt/nordic/ncs/toolchains/322ac893fe/opt/zephyr-sdk/arm-zephyr-eabi/bin/../lib/gcc/../../picolibc/arm-zephyr-eabi/lib/thumb/v8-m.main/nofp/libc.a
LOAD /opt/nordic/ncs/toolchains/322ac893fe/opt/zephyr-sdk/arm-zephyr-eabi/bin/../lib/gcc/arm-zephyr-eabi/12.2.0/thumb/v8-m.main/nofp/libgcc.a
                0x0000000000000020                _region_min_align = 0x20

.rel.plt        0x0000000000000000        0x0
 *(SORT_BY_ALIGNMENT(.rel.plt))
                [!provide]                        PROVIDE (__rel_iplt_start = .)
 *(SORT_BY_ALIGNMENT(.rel.iplt))
 .rel.iplt      0x0000000000000000        0x0 zephyr/CMakeFiles/zephyr_final.dir/isr_tables.c.obj
                [!provide]                        PROVIDE (__rel_iplt_end = .)

.rela.plt       0x0000000000000000        0x0
 *(SORT_BY_ALIGNMENT(.rela.plt))
                [!provide]                        PROVIDE (__rela_iplt_start = .)
 *(SORT_BY_ALIGNMENT(.rela.iplt))
                [!provide]                        PROVIDE (__rela_iplt_end = .)

.rel.dyn
 *(SORT_BY_ALIGNMENT(.rel.*))

.rela.dyn
 *(SORT_BY_ALIGNMENT(.rela.*))

/DISCARD/
 *(SORT_BY_ALIGNMENT(.plt))

/DISCARD/
 *(SORT_BY_ALIGNMENT(.iplt))
                0x0000000000000000                __rom_region_start = 0x0

rom_start       0x0000000000000000      0x47c
                0x0000000000000000                __rom_start_address = .
 FILL mask 0x00
                0x0000000000000000                . = (. + (0x0 - (. - __rom_start_address)))
                0x0000000000000000                . = ALIGN (0x4)
                0x0000000000000000                . = ALIGN (0x80)
                0x0000000000000000                . = ALIGN (0x800)
                0x0000000000000000                _vector_start = .
 *(SORT_BY_ALIGNMENT(.exc_vector_table))
 *(SORT_BY_ALIGNMENT(.exc_vector_table.*))
 .exc_vector_table._vector_table_section
                0x0000000000000000       0x40 zephyr/arch/arch/arm/core/cortex_m/libarch__arm__core__cortex_m.a(vector_table.S.obj)
                0x0000000000000000                _vector_table
 *(SORT_BY_ALIGNMENT(.vectors))
                0x000000000000047c                _vector_end = .
                0x0000000000000040                . = ALIGN (0x4)
 *(SORT_BY_ALIGNMENT(.gnu.linkonce.irq_vector_table*))
 .gnu.linkonce.irq_vector_table
                0x0000000000000040      0x43c zephyr/CMakeFiles/zephyr_final.dir/isr_tables.c.obj
                0x0000000000000040                _irq_vector_table
                0x000000000000047c                _vector_end = .

text            0x000000000000047c     0x8358
                0x000000000000047c                __text_region_start = .
 *(SORT_BY_ALIGNMENT(.text))
 .text          0x000000000000047c       0x30 /opt/nordic/ncs/toolchains/322ac893fe/opt/zephyr-sdk/arm-zephyr-eabi/bin/../lib/gcc/arm-zephyr-eabi/12.2.0/thumb/v8-m.main/nofp/libgcc.a(_aeabi_uldivmod.o)
                0x000000000000047c                __aeabi_uldivmod
 .text          0x00000000000004ac        0x4 /opt/nordic/ncs/toolchains/322ac893fe/opt/zephyr-sdk/arm-zephyr-eabi/bin/../lib/gcc/arm-zephyr-eabi/12.2.0/thumb/v8-m.main/nofp/libgcc.a(_dvmd_tls.o)
                0x00000000000004ac                __aeabi_ldiv0
                0x00000000000004ac                __aeabi_idiv0
 .text          0x00000000000004b0       0x10 /opt/nordic/ncs/toolchains/322ac893fe/opt/zephyr-sdk/arm-zephyr-eabi/bin/../lib/gcc/../../picolibc/arm-zephyr-eabi/lib/thumb/v8-m.main/nofp/libc.a(strlen.S.o)
                0x00000000000004b0                strlen
 .text          0x00000000000004c0      0x29c /opt/nordic/ncs/toolchains/322ac893fe/opt/zephyr-sdk/arm-zephyr-eabi/bin/../lib/gcc/arm-zephyr-eabi/12.2.0/thumb/v8-m.main/nofp/libgcc.a(_udivmoddi4.o)
                0x00000000000004c0                __udivmoddi4
 *(SORT_BY_ALIGNMENT(.text.*))
 .text.main     0x000000000000075c       0xb0 app/libapp.a(main.c.obj)
                0x000000000000075c                main
 .text.sensor_drv_init
                0x000000000000080c       0x54 app/libapp.a(sensor_drv.c.obj)
                0x000000000000080c                sensor_drv_init
 .text.sensor_drv_read
                0x0000000000000860       0xc4 app/libapp.a(sensor_drv.c.obj)
                0x0000000000000860                sensor_drv_read
 .text.flash_mgr_init
                0x0000000000000924       0x44 app/libapp.a(flash_mgr.c.obj)
                0x0000000000000924                flash_mgr_init
 .text.flash_mgr_tick
                0x0000000000000968       0xac app/libapp.a(flash_mgr.c.obj)
                0x0000000000000968                flash_mgr_tick
 .text.crypto_mgr_init
                0x0000000000000a14       0x14 app/libapp.a(crypto_mgr.c.obj)
                0x0000000000000a14                crypto_mgr_init
 .text.crypto_mgr_tick
                0x0000000000000a28       0x8c app/libapp.a(crypto_mgr.c.obj)
                0x0000000000000a28                crypto_mgr_tick
 .text.cbvprintf_package
                0x0000000000000ab4      0x3a4 zephyr/libzephyr.a(cbprintf_packaged.c.obj)
                0x0000000000000ab4                cbvprintf_package
 .text.cbprintf_package_convert
                0x0000000000000e58      0x3cc zephyr/libzephyr.a(cbprintf_packaged.c.obj)
                0x0000000000000e58                cbprintf_package_convert
 .text.__printk_hook_install
                0x0000000000001224        0xc zephyr/libzephyr.a(printk.c.obj)
                0x0000000000001224                __printk_hook_install
 .text.z_thread_entry
                0x0000000000001230       0x34 zephyr/libzephyr.a(thread_entry.c.obj)
                0x0000000000001230                z_thread_entry
 .text.process_event
                0x0000000000001264      0x21c zephyr/libzephyr.a(onoff.c.obj)
 .text.activate_foreach_backend
                0x0000000000001480       0x64 zephyr/libzephyr.a(log_core.c.obj)
 .text.enable_logger
                0x00000000000014e4       0x5c zephyr/libzephyr.a(log_core.c.obj)
 .text.log_process_thread_timer_expiry_fn
                0x0000000000001540        0xc zephyr/libzephyr.a(log_core.c.obj)
 .text.z_log_init
                0x000000000000154c       0x98 zephyr/libzephyr.a(log_core.c.obj)
 .text.log_format_func_t_get
                0x00000000000015e4        0xc zephyr/libzephyr.a(log_core.c.obj)
                0x00000000000015e4                log_format_func_t_get
 .text.log_set_timestamp_func
                0x00000000000015f0       0x20 zephyr/libzephyr.a(log_core.c.obj)
                0x00000000000015f0                log_set_timestamp_func
 .text.z_log_notify_backend_enabled
                0x0000000000001610       0x1c zephyr/libzephyr.a(log_core.c.obj)
                0x0000000000001610                z_log_notify_backend_enabled
 .text.z_log_dropped
                0x000000000000162c       0x3c zephyr/libzephyr.a(log_core.c.obj)
                0x000000000000162c                z_log_dropped
 .text.z_log_dropped_read_and_clear
                0x0000000000001668       0x18 zephyr/libzephyr.a(log_core.c.obj)
                0x0000000000001668                z_log_dropped_read_and_clear
 .text.dropped_notify
                0x0000000000001680       0x30 zephyr/libzephyr.a(log_core.c.obj)
                0x0000000000001680                dropped_notify
 .text.z_log_msg_init
                0x00000000000016b0       0x20 zephyr/libzephyr.a(log_core.c.obj)
                0x00000000000016b0                z_log_msg_init
 .text.log_core_init
                0x00000000000016d0       0x54 zephyr/libzephyr.a(log_core.c.obj)
                0x00000000000016d0                log_core_init
 .text.z_log_msg_alloc
                0x0000000000001724       0x10 zephyr/libzephyr.a(log_core.c.obj)
                0x0000000000001724                z_log_msg_alloc
 .text.z_log_msg_local_claim
                0x0000000000001734        0xc zephyr/libzephyr.a(log_core.c.obj)
                0x0000000000001734                z_log_msg_local_claim
 .text.z_log_msg_free
                0x0000000000001740       0x10 zephyr/libzephyr.a(log_core.c.obj)
                0x0000000000001740                z_log_msg_free
 .text.z_log_msg_pending
                0x0000000000001750        0xc zephyr/libzephyr.a(log_core.c.obj)
                0x0000000000001750                z_log_msg_pending
 .text.z_impl_log_process
                0x000000000000175c       0xb8 zephyr/libzephyr.a(log_core.c.obj)
                0x000000000000175c                z_impl_log_process
 .text.z_impl_log_panic
                0x0000000000001814       0x44 zephyr/libzephyr.a(log_core.c.obj)
                0x0000000000001814                z_impl_log_panic
 .text.log_process_thread_func
                0x0000000000001858       0xa4 zephyr/libzephyr.a(log_core.c.obj)
 .text.z_log_msg_post_finalize
                0x00000000000018fc       0x78 zephyr/libzephyr.a(log_core.c.obj)
 .text.z_log_msg_commit
                0x0000000000001974       0x24 zephyr/libzephyr.a(log_core.c.obj)
                0x0000000000001974                z_log_msg_commit
 .text.log_source_name_get
                0x0000000000001998       0x1c zephyr/libzephyr.a(log_mgmt.c.obj)
                0x0000000000001998                log_source_name_get
 .text.z_impl_z_log_msg_static_create
                0x00000000000019b4      0x108 zephyr/libzephyr.a(log_msg.c.obj)
                0x00000000000019b4                z_impl_z_log_msg_static_create
 .text.z_log_msg_runtime_vcreate
                0x0000000000001abc       0xa0 zephyr/libzephyr.a(log_msg.c.obj)
                0x0000000000001abc                z_log_msg_runtime_vcreate
 .text.log_msg_get_source_id
                0x0000000000001b5c       0x18 zephyr/libzephyr.a(log_msg.c.obj)
                0x0000000000001b5c                log_msg_get_source_id
 .text.print_formatted
                0x0000000000001b74       0x24 zephyr/libzephyr.a(log_output.c.obj)
 .text.newline_print
                0x0000000000001b98       0x1c zephyr/libzephyr.a(log_output.c.obj)
 .text.log_output_process
                0x0000000000001bb4      0x2d4 zephyr/libzephyr.a(log_output.c.obj)
                0x0000000000001bb4                log_output_process
 .text.log_output_dropped_process
                0x0000000000001e88       0x58 zephyr/libzephyr.a(log_output.c.obj)
                0x0000000000001e88                log_output_dropped_process
 .text.log_output_timestamp_freq_set
                0x0000000000001ee0       0x2c zephyr/libzephyr.a(log_output.c.obj)
                0x0000000000001ee0                log_output_timestamp_freq_set
 .text.char_out
                0x0000000000001f0c       0x24 zephyr/libzephyr.a(log_backend_uart.c.obj)
 .text.mem_attr_get_regions
                0x0000000000001f30        0xc zephyr/libzephyr.a(mem_attr.c.obj)
                0x0000000000001f30                mem_attr_get_regions
 .text.boot_banner
                0x0000000000001f3c       0x1c zephyr/libzephyr.a(banner.c.obj)
                0x0000000000001f3c                boot_banner
 .text.arch_bss_zero
                0x0000000000001f58       0x18 zephyr/arch/common/libarch__common.a(init.c.obj)
                0x0000000000001f58                arch_bss_zero
 .text.arch_data_copy
                0x0000000000001f70       0x38 zephyr/arch/common/libarch__common.a(xip.c.obj)
                0x0000000000001f70                arch_data_copy
 .text.z_arm_fatal_error
                0x0000000000001fa8       0xb8 zephyr/arch/arch/arm/core/libarch__arm__core.a(fatal.c.obj)
                0x0000000000001fa8                z_arm_fatal_error
 .text.z_SysNmiOnReset
                0x0000000000002060        0x8 zephyr/arch/arch/arm/core/libarch__arm__core.a(nmi_on_reset.S.obj)
                0x0000000000002060                z_SysNmiOnReset
 .text.arch_tls_stack_setup
                0x0000000000002068       0x40 zephyr/arch/arch/arm/core/libarch__arm__core.a(tls.c.obj)
                0x0000000000002068                arch_tls_stack_setup
 .text._HandlerModeExit
                0x00000000000020a8       0x20 zephyr/arch/arch/arm/core/cortex_m/libarch__arm__core__cortex_m.a(exc_exit.c.obj)
                0x00000000000020a8                z_arm_exc_exit
                0x00000000000020a8                z_arm_int_exit
 .text.mem_manage_fault.constprop.0
                0x00000000000020c8       0xd0 zephyr/arch/arch/arm/core/cortex_m/libarch__arm__core__cortex_m.a(fault.c.obj)
 .text.usage_fault.constprop.0
                0x0000000000002198       0xbc zephyr/arch/arch/arm/core/cortex_m/libarch__arm__core__cortex_m.a(fault.c.obj)
 .text.bus_fault.constprop.0
                0x0000000000002254       0xd0 zephyr/arch/arch/arm/core/cortex_m/libarch__arm__core__cortex_m.a(fault.c.obj)
 .text.z_arm_fault
                0x0000000000002324      0x1d0 zephyr/arch/arch/arm/core/cortex_m/libarch__arm__core__cortex_m.a(fault.c.obj)
                0x0000000000002324                z_arm_fault
 .text.z_arm_fault_init
                0x00000000000024f4       0x20 zephyr/arch/arch/arm/core/cortex_m/libarch__arm__core__cortex_m.a(fault.c.obj)
                0x00000000000024f4                z_arm_fault_init
 .text.__fault  0x0000000000002514       0x14 zephyr/arch/arch/arm/core/cortex_m/libarch__arm__core__cortex_m.a(fault_s.S.obj)
                0x0000000000002514                z_arm_bus_fault
                0x0000000000002514                z_arm_usage_fault
                0x0000000000002514                z_arm_mpu_fault
                0x0000000000002514                z_arm_exc_spurious
                0x0000000000002514                z_arm_debug_monitor
                0x0000000000002514                z_arm_hard_fault
 .text._reset_section
                0x0000000000002528       0x60 zephyr/arch/arch/arm/core/cortex_m/libarch__arm__core__cortex_m.a(reset.S.obj)
                0x0000000000002528                z_arm_reset
                0x0000000000002528                __start
 .text.z_arm_clear_arm_mpu_config
                0x0000000000002588       0x24 zephyr/arch/arch/arm/core/cortex_m/libarch__arm__core__cortex_m.a(scb.c.obj)
                0x0000000000002588                z_arm_clear_arm_mpu_config
 .text.z_arm_init_arch_hw_at_boot
                0x00000000000025ac       0x4c zephyr/arch/arch/arm/core/cortex_m/libarch__arm__core__cortex_m.a(scb.c.obj)
                0x00000000000025ac                z_arm_init_arch_hw_at_boot
 .text.z_impl_k_thread_abort
                0x00000000000025f8       0x2c zephyr/arch/arch/arm/core/cortex_m/libarch__arm__core__cortex_m.a(thread_abort.c.obj)
                0x00000000000025f8                z_impl_k_thread_abort
 .text.z_arm_pendsv
                0x0000000000002624       0x68 zephyr/arch/arch/arm/core/cortex_m/libarch__arm__core__cortex_m.a(swap_helper.S.obj)
                0x0000000000002624                z_arm_pendsv
 .text.z_arm_svc
                0x000000000000268c       0x24 zephyr/arch/arch/arm/core/cortex_m/libarch__arm__core__cortex_m.a(swap_helper.S.obj)
                0x000000000000268c                z_arm_svc
 .text.arm_irq_enable
                0x00000000000026b0       0x1c zephyr/arch/arch/arm/core/cortex_m/libarch__arm__core__cortex_m.a(irq_manage.c.obj)
                0x00000000000026b0                arm_irq_enable
 .text.arm_irq_disable
                0x00000000000026cc       0x28 zephyr/arch/arch/arm/core/cortex_m/libarch__arm__core__cortex_m.a(irq_manage.c.obj)
                0x00000000000026cc                arm_irq_disable
 .text.arm_irq_is_enabled
                0x00000000000026f4       0x1c zephyr/arch/arch/arm/core/cortex_m/libarch__arm__core__cortex_m.a(irq_manage.c.obj)
                0x00000000000026f4                arm_irq_is_enabled
 .text.arm_irq_priority_set
                0x0000000000002710       0x2c zephyr/arch/arch/arm/core/cortex_m/libarch__arm__core__cortex_m.a(irq_manage.c.obj)
                0x0000000000002710                arm_irq_priority_set
 .text.relocate_vector_table
                0x000000000000273c       0x1c zephyr/arch/arch/arm/core/cortex_m/libarch__arm__core__cortex_m.a(prep_c.c.obj)
                0x000000000000273c                relocate_vector_table
 .text.z_prep_c
                0x0000000000002758       0x28 zephyr/arch/arch/arm/core/cortex_m/libarch__arm__core__cortex_m.a(prep_c.c.obj)
                0x0000000000002758                z_prep_c
 .text.arch_new_thread
                0x0000000000002780       0x38 zephyr/arch/arch/arm/core/cortex_m/libarch__arm__core__cortex_m.a(thread.c.obj)
                0x0000000000002780                arch_new_thread
 .text.arch_switch_to_main_thread
                0x00000000000027b8       0x40 zephyr/arch/arch/arm/core/cortex_m/libarch__arm__core__cortex_m.a(thread.c.obj)
                0x00000000000027b8                arch_switch_to_main_thread
 .text.z_arm_cpu_idle_init
                0x00000000000027f8        0xc zephyr/arch/arch/arm/core/cortex_m/libarch__arm__core__cortex_m.a(cpu_idle.c.obj)
                0x00000000000027f8                z_arm_cpu_idle_init
 .text.z_arm_interrupt_init
                0x0000000000002804       0x20 zephyr/arch/arch/arm/core/cortex_m/libarch__arm__core__cortex_m.a(irq_init.c.obj)
                0x0000000000002804                z_arm_interrupt_init
 .text._isr_wrapper
                0x0000000000002824       0x24 zephyr/arch/arch/arm/core/cortex_m/libarch__arm__core__cortex_m.a(isr_wrapper.c.obj)
                0x0000000000002824                _isr_wrapper
 .text.z_arm_configure_static_mpu_regions
                0x0000000000002848       0x38 zephyr/arch/arch/arm/core/mpu/libarch__arm__core__mpu.a(arm_core_mpu.c.obj)
                0x0000000000002848                z_arm_configure_static_mpu_regions
 .text.region_init
                0x0000000000002880       0x34 zephyr/arch/arch/arm/core/mpu/libarch__arm__core__mpu.a(arm_mpu.c.obj)
 .text.region_allocate_and_init
                0x00000000000028b4       0x38 zephyr/arch/arch/arm/core/mpu/libarch__arm__core__mpu.a(arm_mpu.c.obj)
 .text.mpu_configure_regions_and_partition.constprop.0
                0x00000000000028ec      0x164 zephyr/arch/arch/arm/core/mpu/libarch__arm__core__mpu.a(arm_mpu.c.obj)
 .text.arm_core_mpu_enable
                0x0000000000002a50       0x18 zephyr/arch/arch/arm/core/mpu/libarch__arm__core__mpu.a(arm_mpu.c.obj)
                0x0000000000002a50                arm_core_mpu_enable
 .text.arm_core_mpu_disable
                0x0000000000002a68       0x14 zephyr/arch/arch/arm/core/mpu/libarch__arm__core__mpu.a(arm_mpu.c.obj)
                0x0000000000002a68                arm_core_mpu_disable
 .text.arm_core_mpu_configure_static_mpu_regions
                0x0000000000002a7c       0x14 zephyr/arch/arch/arm/core/mpu/libarch__arm__core__mpu.a(arm_mpu.c.obj)
                0x0000000000002a7c                arm_core_mpu_configure_static_mpu_regions
 .text.arm_core_mpu_mark_areas_for_dynamic_regions
                0x0000000000002a90       0xb8 zephyr/arch/arch/arm/core/mpu/libarch__arm__core__mpu.a(arm_mpu.c.obj)
                0x0000000000002a90                arm_core_mpu_mark_areas_for_dynamic_regions
 .text.z_arm_mpu_init
                0x0000000000002b48      0x11c zephyr/arch/arch/arm/core/mpu/libarch__arm__core__mpu.a(arm_mpu.c.obj)
                0x0000000000002b48                z_arm_mpu_init
 .text.cbvprintf
                0x0000000000002c64       0x38 zephyr/lib/libc/picolibc/liblib__libc__picolibc.a(cbprintf.c.obj)
                0x0000000000002c64                cbvprintf
 .text.z_impl_zephyr_fputc
                0x0000000000002c9c       0x10 zephyr/lib/libc/picolibc/liblib__libc__picolibc.a(stdio.c.obj)
                0x0000000000002c9c                z_impl_zephyr_fputc
 .text.__stdout_hook_install
                0x0000000000002cac       0x18 zephyr/lib/libc/picolibc/liblib__libc__picolibc.a(stdio.c.obj)
                0x0000000000002cac                __stdout_hook_install
 .text.malloc_prepare
                0x0000000000002cc4       0x24 zephyr/lib/libc/common/liblib__libc__common.a(malloc.c.obj)
 .text.nordicsemi_nrf54l_init
                0x0000000000002ce8       0xa4 zephyr/soc/soc/nrf54l15/libsoc__nordic.a(soc.c.obj)
                0x0000000000002ce8                nordicsemi_nrf54l_init
 .text.arch_busy_wait
                0x0000000000002d8c       0x24 zephyr/soc/soc/nrf54l15/libsoc__nordic.a(soc.c.obj)
                0x0000000000002d8c                arch_busy_wait
 .text.cache_instr_enable
                0x0000000000002db0       0x10 zephyr/drivers/cache/libdrivers__cache.a(cache_nrf.c.obj)
                0x0000000000002db0                cache_instr_enable
 .text.onoff_stop
                0x0000000000002dc0       0x30 zephyr/drivers/clock_control/libdrivers__clock_control.a(clock_control_nrf.c.obj)
 .text.onoff_start
                0x0000000000002df0       0x44 zephyr/drivers/clock_control/libdrivers__clock_control.a(clock_control_nrf.c.obj)
 .text.clk_init
                0x0000000000002e34       0x58 zephyr/drivers/clock_control/libdrivers__clock_control.a(clock_control_nrf.c.obj)
 .text.api_blocking_start
                0x0000000000002e8c       0x34 zephyr/drivers/clock_control/libdrivers__clock_control.a(clock_control_nrf.c.obj)
 .text.generic_hfclk_stop
                0x0000000000002ec0       0x34 zephyr/drivers/clock_control/libdrivers__clock_control.a(clock_control_nrf.c.obj)
 .text.clkstarted_handle.constprop.0
                0x0000000000002ef4       0x4c zephyr/drivers/clock_control/libdrivers__clock_control.a(clock_control_nrf.c.obj)
 .text.generic_hfclk_start
                0x0000000000002f40       0x78 zephyr/drivers/clock_control/libdrivers__clock_control.a(clock_control_nrf.c.obj)
 .text.z_nrf_clock_control_lf_on
                0x0000000000002fb8       0xf4 zephyr/drivers/clock_control/libdrivers__clock_control.a(clock_control_nrf.c.obj)
                0x0000000000002fb8                z_nrf_clock_control_lf_on
 .text.uart_console_init
                0x00000000000030ac       0x28 zephyr/drivers/console/libdrivers__console.a(uart_console.c.obj)
 .text.console_out
                0x00000000000030d4       0x28 zephyr/drivers/console/libdrivers__console.a(uart_console.c.obj)
 .text.gpio_nrfx_pin_configure
                0x00000000000030fc      0x17c zephyr/drivers/gpio/libdrivers__gpio.a(gpio_nrfx.c.obj)
 .text.nrfx_gpio_handler
                0x0000000000003278       0x58 zephyr/drivers/gpio/libdrivers__gpio.a(gpio_nrfx.c.obj)
 .text.gpio_nrfx_init
                0x00000000000032d0       0x48 zephyr/drivers/gpio/libdrivers__gpio.a(gpio_nrfx.c.obj)
 .text.gpio_nrfx_pin_interrupt_configure
                0x0000000000003318       0xfc zephyr/drivers/gpio/libdrivers__gpio.a(gpio_nrfx.c.obj)
 .text.nrf_gpio_pin_port_decode
                0x0000000000003414       0x20 zephyr/drivers/pinctrl/libdrivers__pinctrl.a(pinctrl_nrf.c.obj)
 .text.pinctrl_configure_pins
                0x0000000000003434      0x180 zephyr/drivers/pinctrl/libdrivers__pinctrl.a(pinctrl_nrf.c.obj)
                0x0000000000003434                pinctrl_configure_pins
 .text.uarte_nrfx_poll_out
                0x00000000000035b4       0xb4 zephyr/drivers/serial/libdrivers__serial.a(uart_nrfx_uarte.c.obj)
 .text.sys_clock_timeout_handler
                0x0000000000003668       0x44 zephyr/drivers/timer/libdrivers__timer.a(nrf_grtc_timer.c.obj)
 .text.sys_clock_driver_init
                0x00000000000036ac       0x88 zephyr/drivers/timer/libdrivers__timer.a(nrf_grtc_timer.c.obj)
 .text.sys_clock_elapsed
                0x0000000000003734       0x28 zephyr/drivers/timer/libdrivers__timer.a(nrf_grtc_timer.c.obj)
                0x0000000000003734                sys_clock_elapsed
 .text.sys_clock_set_timeout
                0x000000000000375c       0xa0 zephyr/drivers/timer/libdrivers__timer.a(nrf_grtc_timer.c.obj)
                0x000000000000375c                sys_clock_set_timeout
 .text.nrf54l_errata_31
                0x00000000000037fc       0x20 modules/hal_nordic/modules/hal_nordic/nrfx/libmodules__hal_nordic__nrfx.a(system_nrf54l.c.obj)
 .text.nrf54l_handle_approtect_signal
                0x000000000000381c       0x34 modules/hal_nordic/modules/hal_nordic/nrfx/libmodules__hal_nordic__nrfx.a(system_nrf54l.c.obj)
 .text.SystemInit
                0x0000000000003850      0x124 modules/hal_nordic/modules/hal_nordic/nrfx/libmodules__hal_nordic__nrfx.a(system_nrf54l.c.obj)
                0x0000000000003850                SystemInit
 .text.xo_event_handler
                0x0000000000003974        0xc modules/hal_nordic/modules/hal_nordic/nrfx/libmodules__hal_nordic__nrfx.a(nrfx_clock.c.obj)
 .text.nrfx_clock_init
                0x0000000000003980       0x40 modules/hal_nordic/modules/hal_nordic/nrfx/libmodules__hal_nordic__nrfx.a(nrfx_clock.c.obj)
                0x0000000000003980                nrfx_clock_init
 .text.nrfx_clock_enable
                0x00000000000039c0       0x24 modules/hal_nordic/modules/hal_nordic/nrfx/libmodules__hal_nordic__nrfx.a(nrfx_clock.c.obj)
                0x00000000000039c0                nrfx_clock_enable
 .text.clock_stop
                0x00000000000039e4       0x34 modules/hal_nordic/modules/hal_nordic/nrfx/libmodules__hal_nordic__nrfx.a(nrfx_clock_lfclk.c.obj)
 .text.nrfx_clock_lfclk_init
                0x0000000000003a18       0x24 modules/hal_nordic/modules/hal_nordic/nrfx/libmodules__hal_nordic__nrfx.a(nrfx_clock_lfclk.c.obj)
                0x0000000000003a18                nrfx_clock_lfclk_init
 .text.nrfx_clock_lfclk_start
                0x0000000000003a3c       0x80 modules/hal_nordic/modules/hal_nordic/nrfx/libmodules__hal_nordic__nrfx.a(nrfx_clock_lfclk.c.obj)
                0x0000000000003a3c                nrfx_clock_lfclk_start
 .text.nrfx_clock_lfclk_irq_handler
                0x0000000000003abc       0x70 modules/hal_nordic/modules/hal_nordic/nrfx/libmodules__hal_nordic__nrfx.a(nrfx_clock_lfclk.c.obj)
                0x0000000000003abc                nrfx_clock_lfclk_irq_handler
 .text.clock_stop
                0x0000000000003b2c       0x54 modules/hal_nordic/modules/hal_nordic/nrfx/libmodules__hal_nordic__nrfx.a(nrfx_clock_xo.c.obj)
 .text.nrfx_clock_xo_init
                0x0000000000003b80       0x1c modules/hal_nordic/modules/hal_nordic/nrfx/libmodules__hal_nordic__nrfx.a(nrfx_clock_xo.c.obj)
                0x0000000000003b80                nrfx_clock_xo_init
 .text.nrfx_clock_xo_start
                0x0000000000003b9c       0x68 modules/hal_nordic/modules/hal_nordic/nrfx/libmodules__hal_nordic__nrfx.a(nrfx_clock_xo.c.obj)
                0x0000000000003b9c                nrfx_clock_xo_start
 .text.nrfx_clock_xo_irq_handler
                0x0000000000003c04       0x74 modules/hal_nordic/modules/hal_nordic/nrfx/libmodules__hal_nordic__nrfx.a(nrfx_clock_xo.c.obj)
                0x0000000000003c04                nrfx_clock_xo_irq_handler
 .text.nrf_gpio_pin_port_decode
                0x0000000000003c78       0x20 modules/hal_nordic/modules/hal_nordic/nrfx/libmodules__hal_nordic__nrfx.a(nrfx_gpiote.c.obj)
 .text.get_pin_idx
                0x0000000000003c98       0x14 modules/hal_nordic/modules/hal_nordic/nrfx/libmodules__hal_nordic__nrfx.a(nrfx_gpiote.c.obj)
 .text.latch_pending_read_and_check
                0x0000000000003cac       0x58 modules/hal_nordic/modules/hal_nordic/nrfx/libmodules__hal_nordic__nrfx.a(nrfx_gpiote.c.obj)
 .text.pin_uninit
                0x0000000000003d04       0x7c modules/hal_nordic/modules/hal_nordic/nrfx/libmodules__hal_nordic__nrfx.a(nrfx_gpiote.c.obj)
 .text.nrfx_gpiote_output_configure
                0x0000000000003d80       0xf4 modules/hal_nordic/modules/hal_nordic/nrfx/libmodules__hal_nordic__nrfx.a(nrfx_gpiote.c.obj)
                0x0000000000003d80                nrfx_gpiote_output_configure
 .text.nrfx_gpiote_init
                0x0000000000003e74       0x70 modules/hal_nordic/modules/hal_nordic/nrfx/libmodules__hal_nordic__nrfx.a(nrfx_gpiote.c.obj)
                0x0000000000003e74                nrfx_gpiote_init
 .text.nrfx_gpiote_channel_free
                0x0000000000003ee4       0x14 modules/hal_nordic/modules/hal_nordic/nrfx/libmodules__hal_nordic__nrfx.a(nrfx_gpiote.c.obj)
                0x0000000000003ee4                nrfx_gpiote_channel_free
 .text.nrfx_gpiote_channel_alloc
                0x0000000000003ef8       0x20 modules/hal_nordic/modules/hal_nordic/nrfx/libmodules__hal_nordic__nrfx.a(nrfx_gpiote.c.obj)
                0x0000000000003ef8                nrfx_gpiote_channel_alloc
 .text.nrfx_gpiote_irq_handler
                0x0000000000003f18      0x1d4 modules/hal_nordic/modules/hal_nordic/nrfx/libmodules__hal_nordic__nrfx.a(nrfx_gpiote.c.obj)
                0x0000000000003f18                nrfx_gpiote_irq_handler
 .text.sleep_configure
                0x00000000000040ec       0x24 modules/hal_nordic/modules/hal_nordic/nrfx/libmodules__hal_nordic__nrfx.a(nrfx_grtc.c.obj)
 .text.nrfx_grtc_syscounter_get
                0x0000000000004110       0x20 modules/hal_nordic/modules/hal_nordic/nrfx/libmodules__hal_nordic__nrfx.a(nrfx_grtc.c.obj)
                0x0000000000004110                nrfx_grtc_syscounter_get
 .text.nrfx_grtc_channel_callback_set
                0x0000000000004130       0x2c modules/hal_nordic/modules/hal_nordic/nrfx/libmodules__hal_nordic__nrfx.a(nrfx_grtc.c.obj)
                0x0000000000004130                nrfx_grtc_channel_callback_set
 .text.nrfx_grtc_init
                0x000000000000415c      0x118 modules/hal_nordic/modules/hal_nordic/nrfx/libmodules__hal_nordic__nrfx.a(nrfx_grtc.c.obj)
                0x000000000000415c                nrfx_grtc_init
 .text.nrfx_grtc_syscounter_start
                0x0000000000004274       0xc0 modules/hal_nordic/modules/hal_nordic/nrfx/libmodules__hal_nordic__nrfx.a(nrfx_grtc.c.obj)
                0x0000000000004274                nrfx_grtc_syscounter_start
 .text.nrfx_grtc_syscounter_cc_abs_set
                0x0000000000004334       0x70 modules/hal_nordic/modules/hal_nordic/nrfx/libmodules__hal_nordic__nrfx.a(nrfx_grtc.c.obj)
                0x0000000000004334                nrfx_grtc_syscounter_cc_abs_set
 .text.nrfx_grtc_syscounter_cc_rel_set
                0x00000000000043a4       0x40 modules/hal_nordic/modules/hal_nordic/nrfx/libmodules__hal_nordic__nrfx.a(nrfx_grtc.c.obj)
                0x00000000000043a4                nrfx_grtc_syscounter_cc_rel_set
 .text.GRTC_2_IRQHandler
                0x00000000000043e4       0xb0 modules/hal_nordic/modules/hal_nordic/nrfx/libmodules__hal_nordic__nrfx.a(nrfx_grtc.c.obj)
                0x00000000000043e4                GRTC_2_IRQHandler
 .text.__nrfy_internal_rramc_config_set.constprop.0.isra.0
                0x0000000000004494       0x18 modules/hal_nordic/modules/hal_nordic/nrfx/libmodules__hal_nordic__nrfx.a(nrfx_rramc.c.obj)
 .text.k_sys_fatal_error_handler
                0x00000000000044ac       0x20 zephyr/kernel/libkernel.a(fatal.c.obj)
                0x00000000000044ac                k_sys_fatal_error_handler
 .text.z_fatal_error
                0x00000000000044cc       0xe8 zephyr/kernel/libkernel.a(fatal.c.obj)
                0x00000000000044cc                z_fatal_error
 .text.z_sys_init_run_level
                0x00000000000045b4       0x30 zephyr/kernel/libkernel.a(init.c.obj)
 .text.bg_thread_main
                0x00000000000045e4       0xc0 zephyr/kernel/libkernel.a(init.c.obj)
 .text.z_init_cpu
                0x00000000000046a4       0x68 zephyr/kernel/libkernel.a(init.c.obj)
                0x00000000000046a4                z_init_cpu
 .text.z_cstart
                0x000000000000470c       0xd0 zephyr/kernel/libkernel.a(init.c.obj)
                0x000000000000470c                z_cstart
 .text.z_impl_k_mutex_lock
                0x00000000000047dc       0xf0 zephyr/kernel/libkernel.a(mutex.c.obj)
                0x00000000000047dc                z_impl_k_mutex_lock
 .text.z_impl_k_mutex_unlock
                0x00000000000048cc       0xa0 zephyr/kernel/libkernel.a(mutex.c.obj)
                0x00000000000048cc                z_impl_k_mutex_unlock
 .text.z_impl_k_sem_give
                0x000000000000496c       0x68 zephyr/kernel/libkernel.a(sem.c.obj)
                0x000000000000496c                z_impl_k_sem_give
 .text.z_impl_k_sem_take
                0x00000000000049d4       0x4c zephyr/kernel/libkernel.a(sem.c.obj)
                0x00000000000049d4                z_impl_k_sem_take
 .text.z_setup_new_thread
                0x0000000000004a20       0x80 zephyr/kernel/libkernel.a(thread.c.obj)
                0x0000000000004a20                z_setup_new_thread
 .text.z_impl_k_thread_create
                0x0000000000004aa0       0x58 zephyr/kernel/libkernel.a(thread.c.obj)
                0x0000000000004aa0                z_impl_k_thread_create
 .text.z_dummy_thread_init
                0x0000000000004af8       0x18 zephyr/kernel/libkernel.a(thread.c.obj)
                0x0000000000004af8                z_dummy_thread_init
 .text.z_swap_irqlock
                0x0000000000004b10       0x34 zephyr/kernel/libkernel.a(sched.c.obj)
 .text.ready_thread
                0x0000000000004b44       0x84 zephyr/kernel/libkernel.a(sched.c.obj)
 .text.unready_thread
                0x0000000000004bc8       0x54 zephyr/kernel/libkernel.a(sched.c.obj)
 .text.add_thread_timeout
                0x0000000000004c1c       0x1c zephyr/kernel/libkernel.a(sched.c.obj)
 .text.move_thread_to_end_of_prio_q
                0x0000000000004c38       0x90 zephyr/kernel/libkernel.a(sched.c.obj)
                0x0000000000004c38                move_thread_to_end_of_prio_q
 .text.z_pend_curr
                0x0000000000004cc8       0x44 zephyr/kernel/libkernel.a(sched.c.obj)
                0x0000000000004cc8                z_pend_curr
 .text.z_thread_prio_set
                0x0000000000004d0c       0xe4 zephyr/kernel/libkernel.a(sched.c.obj)
                0x0000000000004d0c                z_thread_prio_set
 .text.z_reschedule
                0x0000000000004df0       0x24 zephyr/kernel/libkernel.a(sched.c.obj)
                0x0000000000004df0                z_reschedule
 .text.z_reschedule_irqlock
                0x0000000000004e14       0x28 zephyr/kernel/libkernel.a(sched.c.obj)
                0x0000000000004e14                z_reschedule_irqlock
 .text.k_sched_lock
                0x0000000000004e3c       0x28 zephyr/kernel/libkernel.a(sched.c.obj)
                0x0000000000004e3c                k_sched_lock
 .text.k_sched_unlock
                0x0000000000004e64       0x68 zephyr/kernel/libkernel.a(sched.c.obj)
                0x0000000000004e64                k_sched_unlock
 .text.z_sched_init
                0x0000000000004ecc       0x10 zephyr/kernel/libkernel.a(sched.c.obj)
                0x0000000000004ecc                z_sched_init
 .text.z_impl_k_yield
                0x0000000000004edc       0x88 zephyr/kernel/libkernel.a(sched.c.obj)
                0x0000000000004edc                z_impl_k_yield
 .text.z_tick_sleep
                0x0000000000004f64       0x78 zephyr/kernel/libkernel.a(sched.c.obj)
 .text.z_impl_k_sleep
                0x0000000000004fdc       0x5c zephyr/kernel/libkernel.a(sched.c.obj)
                0x0000000000004fdc                z_impl_k_sleep
 .text.z_impl_k_wakeup
                0x0000000000005038       0x48 zephyr/kernel/libkernel.a(sched.c.obj)
                0x0000000000005038                z_impl_k_wakeup
 .text.z_impl_k_sched_current_thread_query
                0x0000000000005080        0xc zephyr/kernel/libkernel.a(sched.c.obj)
                0x0000000000005080                z_impl_k_sched_current_thread_query
 .text.z_thread_abort
                0x000000000000508c      0x140 zephyr/kernel/libkernel.a(sched.c.obj)
                0x000000000000508c                z_thread_abort
 .text.slice_timeout
                0x00000000000051cc       0x20 zephyr/kernel/libkernel.a(timeslicing.c.obj)
 .text.thread_is_sliceable
                0x00000000000051ec       0x3c zephyr/kernel/libkernel.a(timeslicing.c.obj)
                0x00000000000051ec                thread_is_sliceable
 .text.z_reset_time_slice
                0x0000000000005228       0x50 zephyr/kernel/libkernel.a(timeslicing.c.obj)
                0x0000000000005228                z_reset_time_slice
 .text.z_time_slice
                0x0000000000005278       0x60 zephyr/kernel/libkernel.a(timeslicing.c.obj)
                0x0000000000005278                z_time_slice
 .text.first    0x00000000000052d8       0x10 zephyr/kernel/libkernel.a(timeout.c.obj)
 .text.elapsed  0x00000000000052e8       0x14 zephyr/kernel/libkernel.a(timeout.c.obj)
 .text.remove_timeout
                0x00000000000052fc       0x38 zephyr/kernel/libkernel.a(timeout.c.obj)
 .text.z_add_timeout
                0x0000000000005334      0x120 zephyr/kernel/libkernel.a(timeout.c.obj)
                0x0000000000005334                z_add_timeout
 .text.sys_clock_announce
                0x0000000000005454       0xbc zephyr/kernel/libkernel.a(timeout.c.obj)
                0x0000000000005454                sys_clock_announce
 .text.sys_clock_tick_get
                0x0000000000005510       0x30 zephyr/kernel/libkernel.a(timeout.c.obj)
                0x0000000000005510                sys_clock_tick_get
 .text.z_timer_expiration_handler
                0x0000000000005540      0x110 zephyr/kernel/libkernel.a(timer.c.obj)
                0x0000000000005540                z_timer_expiration_handler
 .text.z_impl_k_timer_start
                0x0000000000005650       0x70 zephyr/kernel/libkernel.a(timer.c.obj)
                0x0000000000005650                z_impl_k_timer_start
 .text.psa_get_initialized
                0x00000000000056c0       0x4c modules/nrf/subsys/nrf_security/src/core/nrf_oberon/libpsa_core.a(psa_crypto.c.obj)
 .text.mbedtls_psa_crypto_free
                0x000000000000570c       0x90 modules/nrf/subsys/nrf_security/src/core/nrf_oberon/libpsa_core.a(psa_crypto.c.obj)
                0x000000000000570c                mbedtls_psa_crypto_free
 .text.psa_crypto_init
                0x000000000000579c      0x104 modules/nrf/subsys/nrf_security/src/core/nrf_oberon/libpsa_core.a(psa_crypto.c.obj)
                0x000000000000579c                psa_crypto_init
 .text.psa_initialize_key_slots
                0x00000000000058a0       0x10 modules/nrf/subsys/nrf_security/src/core/nrf_oberon/libpsa_core.a(psa_crypto_slot_management.c.obj)
                0x00000000000058a0                psa_initialize_key_slots
 .text.psa_wipe_all_key_slots
                0x00000000000058b0       0x34 modules/nrf/subsys/nrf_security/src/core/nrf_oberon/libpsa_core.a(psa_crypto_slot_management.c.obj)
                0x00000000000058b0                psa_wipe_all_key_slots
 .text.mbedtls_free
                0x00000000000058e4        0xc modules/nrf/subsys/nrf_security/src/core/nrf_oberon/libpsa_core.a(platform.c.obj)
                0x00000000000058e4                mbedtls_free
 .text.mbedtls_platform_zeroize
                0x00000000000058f0       0x18 modules/nrf/subsys/nrf_security/src/core/nrf_oberon/libpsa_core.a(platform_util.c.obj)
                0x00000000000058f0                mbedtls_platform_zeroize
 .text.cracen_acquire
                0x0000000000005908       0x40 modules/nrf/subsys/nrf_security/src/drivers/cracen/libcracen_psa_driver.a(cracen.c.obj)
                0x0000000000005908                cracen_acquire
 .text.cracen_release
                0x0000000000005948       0x6c modules/nrf/subsys/nrf_security/src/drivers/cracen/libcracen_psa_driver.a(cracen.c.obj)
                0x0000000000005948                cracen_release
 .text.cracen_init
                0x00000000000059b4       0x4c modules/nrf/subsys/nrf_security/src/drivers/cracen/libcracen_psa_driver.a(cracen.c.obj)
                0x00000000000059b4                cracen_init
 .text.ctr_drbg_update
                0x0000000000005a00       0x9c modules/nrf/subsys/nrf_security/src/drivers/cracen/libcracen_psa_driver.a(ctr_drbg.c.obj)
 .text.cracen_init_random
                0x0000000000005a9c       0x74 modules/nrf/subsys/nrf_security/src/drivers/cracen/libcracen_psa_driver.a(ctr_drbg.c.obj)
                0x0000000000005a9c                cracen_init_random
 .text.cracen_get_random
                0x0000000000005b10      0x110 modules/nrf/subsys/nrf_security/src/drivers/cracen/libcracen_psa_driver.a(ctr_drbg.c.obj)
                0x0000000000005b10                cracen_get_random
 .text.lib_kmu_clear_all_events
                0x0000000000005c20       0x24 modules/nrf/subsys/nrf_security/src/drivers/cracen/libcracen_psa_driver.a(lib_kmu.c.obj)
                0x0000000000005c20                lib_kmu_clear_all_events
 .text.trigger_task_and_wait_for_event_or_error
                0x0000000000005c44       0x54 modules/nrf/subsys/nrf_security/src/drivers/cracen/libcracen_psa_driver.a(lib_kmu.c.obj)
 .text.lib_kmu_provision_slot
                0x0000000000005c98       0x3c modules/nrf/subsys/nrf_security/src/drivers/cracen/libcracen_psa_driver.a(lib_kmu.c.obj)
                0x0000000000005c98                lib_kmu_provision_slot
 .text.lib_kmu_push_slot
                0x0000000000005cd4       0x1c modules/nrf/subsys/nrf_security/src/drivers/cracen/libcracen_psa_driver.a(lib_kmu.c.obj)
                0x0000000000005cd4                lib_kmu_push_slot
 .text.lib_kmu_revoke_slot
                0x0000000000005cf0       0x34 modules/nrf/subsys/nrf_security/src/drivers/cracen/libcracen_psa_driver.a(lib_kmu.c.obj)
                0x0000000000005cf0                lib_kmu_revoke_slot
 .text.lib_kmu_read_metadata
                0x0000000000005d24       0x30 modules/nrf/subsys/nrf_security/src/drivers/cracen/libcracen_psa_driver.a(lib_kmu.c.obj)
                0x0000000000005d24                lib_kmu_read_metadata
 .text.cracen_kmu_provision
                0x0000000000005d54      0x250 modules/nrf/subsys/nrf_security/src/drivers/cracen/libcracen_psa_driver.a(kmu.c.obj)
                0x0000000000005d54                cracen_kmu_provision
 .text.cracen_provision_prot_ram_inv_slots
                0x0000000000005fa4       0x7c modules/nrf/subsys/nrf_security/src/drivers/cracen/libcracen_psa_driver.a(kmu.c.obj)
                0x0000000000005fa4                cracen_provision_prot_ram_inv_slots
 .text.sx_blkcipher_ecb_simple
                0x0000000000006020       0xb8 modules/nrf/subsys/nrf_security/src/drivers/cracen/libcracen_psa_driver.a(blkcipher.c.obj)
                0x0000000000006020                sx_blkcipher_ecb_simple
 .text.sx_trng_flush
                0x00000000000060d8       0x30 modules/nrf/subsys/nrf_security/src/drivers/cracen/libcracen_psa_driver.a(trng.c.obj)
 .text.sx_trng_restart
                0x0000000000006108       0x28 modules/nrf/subsys/nrf_security/src/drivers/cracen/libcracen_psa_driver.a(trng.c.obj)
                0x0000000000006108                sx_trng_restart
 .text.sx_trng_open
                0x0000000000006130       0xa4 modules/nrf/subsys/nrf_security/src/drivers/cracen/libcracen_psa_driver.a(trng.c.obj)
                0x0000000000006130                sx_trng_open
 .text.sx_trng_get
                0x00000000000061d4       0xd4 modules/nrf/subsys/nrf_security/src/drivers/cracen/libcracen_psa_driver.a(trng.c.obj)
                0x00000000000061d4                sx_trng_get
 .text.sx_hw_reserve
                0x00000000000062a8       0x54 modules/nrf/subsys/nrf_security/src/drivers/cracen/libcracen_psa_driver.a(cmdma_hw.c.obj)
                0x00000000000062a8                sx_hw_reserve
 .text.sx_cmdma_release_hw
                0x00000000000062fc       0x30 modules/nrf/subsys/nrf_security/src/drivers/cracen/libcracen_psa_driver.a(cmdma_hw.c.obj)
                0x00000000000062fc                sx_cmdma_release_hw
 .text.cracen_isr_handler
                0x000000000000632c       0x68 modules/nrf/subsys/nrf_security/src/drivers/cracen/libcracen_psa_driver.a(interrupts.c.obj)
                0x000000000000632c                cracen_isr_handler
 .text.cracen_interrupts_init
                0x0000000000006394       0x28 modules/nrf/subsys/nrf_security/src/drivers/cracen/libcracen_psa_driver.a(interrupts.c.obj)
                0x0000000000006394                cracen_interrupts_init
 .text.cracen_wait_for_cm_interrupt
                0x00000000000063bc       0x30 modules/nrf/subsys/nrf_security/src/drivers/cracen/libcracen_psa_driver.a(interrupts.c.obj)
                0x00000000000063bc                cracen_wait_for_cm_interrupt
 .text.sx_pk_fetch_capabilities
                0x00000000000063ec       0x24 modules/nrf/subsys/nrf_security/src/drivers/cracen/libcracen_psa_driver.a(pk_baremetal.c.obj)
                0x00000000000063ec                sx_pk_fetch_capabilities
 .text.sx_pk_init
                0x0000000000006410       0x3c modules/nrf/subsys/nrf_security/src/drivers/cracen/libcracen_psa_driver.a(pk_baremetal.c.obj)
                0x0000000000006410                sx_pk_init
 .text.sx_get_current_req
                0x000000000000644c        0x8 modules/nrf/subsys/nrf_security/src/drivers/cracen/libcracen_psa_driver.a(pk_baremetal.c.obj)
                0x000000000000644c                sx_get_current_req
 .text.k_event_post_internal
                0x0000000000006454       0x6c zephyr/kernel/libkernel.a(events.c.obj)
 .text.snprintf
                0x00000000000064c0       0x58 /opt/nordic/ncs/toolchains/322ac893fe/opt/zephyr-sdk/arm-zephyr-eabi/bin/../lib/gcc/../../picolibc/arm-zephyr-eabi/lib/thumb/v8-m.main/nofp/libc.a(libc_tinystdio_snprintf.c.o)
                0x00000000000064c0                snprintf
 .text.__l_vfprintf
                0x0000000000006518      0x4b4 /opt/nordic/ncs/toolchains/322ac893fe/opt/zephyr-sdk/arm-zephyr-eabi/bin/../lib/gcc/../../picolibc/arm-zephyr-eabi/lib/thumb/v8-m.main/nofp/libc.a(libc_tinystdio_vflprintf.c.o)
                0x0000000000006518                __l_vfprintf
 .text._OffsetAbsSyms
                0x00000000000069cc        0x2 zephyr/CMakeFiles/offsets.dir/./arch/arm/core/offsets/offsets.c.obj
                0x00000000000069cc                _OffsetAbsSyms
 .text.chunk_field
                0x00000000000069ce       0x16 zephyr/libzephyr.a(heap.c.obj)
 .text.chunk_set
                0x00000000000069e4       0x16 zephyr/libzephyr.a(heap.c.obj)
 .text.chunk_size
                0x00000000000069fa        0xc zephyr/libzephyr.a(heap.c.obj)
 .text.set_chunk_used
                0x0000000000006a06       0x30 zephyr/libzephyr.a(heap.c.obj)
 .text.set_chunk_size
                0x0000000000006a36        0x8 zephyr/libzephyr.a(heap.c.obj)
 .text.bucket_idx
                0x0000000000006a3e       0x1e zephyr/libzephyr.a(heap.c.obj)
 .text.free_list_add
                0x0000000000006a5c       0x84 zephyr/libzephyr.a(heap.c.obj)
 .text.sys_heap_init
                0x0000000000006ae0       0xb0 zephyr/libzephyr.a(heap.c.obj)
                0x0000000000006ae0                sys_heap_init
 .text.cbpprintf_external
                0x0000000000006b90       0x62 zephyr/libzephyr.a(cbprintf_packaged.c.obj)
                0x0000000000006b90                cbpprintf_external
 .text.is_ptr   0x0000000000006bf2       0x4a zephyr/libzephyr.a(cbprintf_packaged.c.obj)
                0x0000000000006bf2                is_ptr
 .text.arch_printk_char_out
                0x0000000000006c3c        0x4 zephyr/libzephyr.a(printk.c.obj)
                0x0000000000006c3c                arch_printk_char_out
 .text.printk   0x0000000000006c40       0x1a zephyr/libzephyr.a(printk.c.obj)
                0x0000000000006c40                printk
 .text.free_space
                0x0000000000006c5a       0x26 zephyr/libzephyr.a(mpsc_pbuf.c.obj)
 .text.get_usage
                0x0000000000006c80       0x22 zephyr/libzephyr.a(mpsc_pbuf.c.obj)
 .text.idx_inc  0x0000000000006ca2       0x1c zephyr/libzephyr.a(mpsc_pbuf.c.obj)
 .text.rd_idx_inc
                0x0000000000006cbe       0x18 zephyr/libzephyr.a(mpsc_pbuf.c.obj)
 .text.add_skip_item
                0x0000000000006cd6       0x3e zephyr/libzephyr.a(mpsc_pbuf.c.obj)
 .text.drop_item_locked
                0x0000000000006d14      0x100 zephyr/libzephyr.a(mpsc_pbuf.c.obj)
 .text.post_drop_action
                0x0000000000006e14       0x36 zephyr/libzephyr.a(mpsc_pbuf.c.obj)
 .text.max_utilization_update
                0x0000000000006e4a       0x1a zephyr/libzephyr.a(mpsc_pbuf.c.obj)
 .text.mpsc_pbuf_init
                0x0000000000006e64       0x42 zephyr/libzephyr.a(mpsc_pbuf.c.obj)
                0x0000000000006e64                mpsc_pbuf_init
 .text.mpsc_pbuf_alloc
                0x0000000000006ea6       0xfe zephyr/libzephyr.a(mpsc_pbuf.c.obj)
                0x0000000000006ea6                mpsc_pbuf_alloc
 .text.mpsc_pbuf_commit
                0x0000000000006fa4       0x3e zephyr/libzephyr.a(mpsc_pbuf.c.obj)
                0x0000000000006fa4                mpsc_pbuf_commit
 .text.mpsc_pbuf_claim
                0x0000000000006fe2       0xa8 zephyr/libzephyr.a(mpsc_pbuf.c.obj)
                0x0000000000006fe2                mpsc_pbuf_claim
 .text.mpsc_pbuf_free
                0x000000000000708a       0x76 zephyr/libzephyr.a(mpsc_pbuf.c.obj)
                0x000000000000708a                mpsc_pbuf_free
 .text.mpsc_pbuf_is_pending
                0x0000000000007100       0x32 zephyr/libzephyr.a(mpsc_pbuf.c.obj)
                0x0000000000007100                mpsc_pbuf_is_pending
 .text.process_recheck
                0x0000000000007132       0x38 zephyr/libzephyr.a(onoff.c.obj)
 .text.validate_args
                0x000000000000716a       0x20 zephyr/libzephyr.a(onoff.c.obj)
 .text.notify_one
                0x000000000000718a       0x2c zephyr/libzephyr.a(onoff.c.obj)
 .text.transition_complete
                0x00000000000071b6       0x1a zephyr/libzephyr.a(onoff.c.obj)
 .text.onoff_manager_init
                0x00000000000071d0       0x26 zephyr/libzephyr.a(onoff.c.obj)
                0x00000000000071d0                onoff_manager_init
 .text.onoff_request
                0x00000000000071f6       0xae zephyr/libzephyr.a(onoff.c.obj)
                0x00000000000071f6                onoff_request
 .text.sys_notify_validate
                0x00000000000072a4       0x22 zephyr/libzephyr.a(notify.c.obj)
                0x00000000000072a4                sys_notify_validate
 .text.sys_notify_finalize
                0x00000000000072c6       0x1a zephyr/libzephyr.a(notify.c.obj)
                0x00000000000072c6                sys_notify_finalize
 .text._ConfigAbsSyms
                0x00000000000072e0        0x2 zephyr/libzephyr.a(configs.c.obj)
                0x00000000000072e0                _ConfigAbsSyms
 .text.log_msg_generic_get_wlen
                0x00000000000072e2       0x20 zephyr/libzephyr.a(log_core.c.obj)
 .text.dummy_timestamp
                0x0000000000007302        0x4 zephyr/libzephyr.a(log_core.c.obj)
 .text.default_get_timestamp
                0x0000000000007306        0x4 zephyr/libzephyr.a(log_core.c.obj)
 .text.atomic_inc
                0x000000000000730a       0x12 zephyr/libzephyr.a(log_core.c.obj)
 .text.z_log_vprintk
                0x000000000000731c       0x1c zephyr/libzephyr.a(log_core.c.obj)
                0x000000000000731c                z_log_vprintk
 .text.z_log_notify_drop
                0x0000000000007338        0x6 zephyr/libzephyr.a(log_core.c.obj)
 .text.z_log_get_tag
                0x000000000000733e        0x4 zephyr/libzephyr.a(log_core.c.obj)
                0x000000000000733e                z_log_get_tag
 .text.log_backend_enable
                0x0000000000007342       0x12 zephyr/libzephyr.a(log_mgmt.c.obj)
                0x0000000000007342                log_backend_enable
 .text.z_cbprintf_cpy
                0x0000000000007354       0x2e zephyr/libzephyr.a(log_msg.c.obj)
 .text.z_log_msg_finalize
                0x0000000000007382       0x32 zephyr/libzephyr.a(log_msg.c.obj)
                0x0000000000007382                z_log_msg_finalize
 .text.z_log_msg_simple_create
                0x00000000000073b4       0x6e zephyr/libzephyr.a(log_msg.c.obj)
 .text.z_impl_z_log_msg_simple_create_0
                0x0000000000007422       0x12 zephyr/libzephyr.a(log_msg.c.obj)
                0x0000000000007422                z_impl_z_log_msg_simple_create_0
 .text.z_impl_z_log_msg_simple_create_1
                0x0000000000007434       0x14 zephyr/libzephyr.a(log_msg.c.obj)
                0x0000000000007434                z_impl_z_log_msg_simple_create_1
 .text.z_impl_z_log_msg_simple_create_2
                0x0000000000007448       0x18 zephyr/libzephyr.a(log_msg.c.obj)
                0x0000000000007448                z_impl_z_log_msg_simple_create_2
 .text.log_output_write
                0x0000000000007460       0x1c zephyr/libzephyr.a(log_output.c.obj)
 .text.log_output_flush
                0x000000000000747c       0x1a zephyr/libzephyr.a(log_output.c.obj)
 .text.out_func
                0x0000000000007496       0x2e zephyr/libzephyr.a(log_output.c.obj)
 .text.cr_out_func
                0x00000000000074c4       0x1c zephyr/libzephyr.a(log_output.c.obj)
 .text.log_output_msg_process
                0x00000000000074e0       0x6a zephyr/libzephyr.a(log_output.c.obj)
                0x00000000000074e0                log_output_msg_process
 .text.format_set
                0x000000000000754a        0xc zephyr/libzephyr.a(log_backend_uart.c.obj)
 .text.log_backend_uart_init
                0x0000000000007556        0xc zephyr/libzephyr.a(log_backend_uart.c.obj)
 .text.panic    0x0000000000007562       0x32 zephyr/libzephyr.a(log_backend_uart.c.obj)
 .text.dropped  0x0000000000007594        0xa zephyr/libzephyr.a(log_backend_uart.c.obj)
 .text.process  0x000000000000759e       0x1e zephyr/libzephyr.a(log_backend_uart.c.obj)
 .text.arch_early_memset
                0x00000000000075bc        0x4 zephyr/arch/common/libarch__common.a(init.c.obj)
                0x00000000000075bc                arch_early_memset
 .text.arch_early_memcpy
                0x00000000000075c0        0x4 zephyr/arch/common/libarch__common.a(init.c.obj)
                0x00000000000075c0                arch_early_memcpy
 .text.z_do_kernel_oops
                0x00000000000075c4        0x8 zephyr/arch/arch/arm/core/libarch__arm__core.a(fatal.c.obj)
                0x00000000000075c4                z_do_kernel_oops
 .text.z_arm_nmi
                0x00000000000075cc        0xe zephyr/arch/arch/arm/core/libarch__arm__core.a(nmi.c.obj)
                0x00000000000075cc                z_arm_nmi
 .text.z_log_msg_simple_create_0.constprop.0
                0x00000000000075da        0x8 zephyr/arch/arch/arm/core/cortex_m/libarch__arm__core__cortex_m.a(fault.c.obj)
 .text.z_irq_spurious
                0x00000000000075e2        0x8 zephyr/arch/arch/arm/core/cortex_m/libarch__arm__core__cortex_m.a(irq_manage.c.obj)
                0x00000000000075e2                z_irq_spurious
 .text.configure_builtin_stack_guard
                0x00000000000075ea        0x8 zephyr/arch/arch/arm/core/cortex_m/libarch__arm__core__cortex_m.a(thread.c.obj)
                0x00000000000075ea                configure_builtin_stack_guard
 .text.arch_coprocessors_disable
                0x00000000000075f2        0x6 zephyr/arch/arch/arm/core/cortex_m/libarch__arm__core__cortex_m.a(thread.c.obj)
                0x00000000000075f2                arch_coprocessors_disable
 .text.arch_irq_unlock_outlined
                0x00000000000075f8        0xe zephyr/arch/arch/arm/core/cortex_m/libarch__arm__core__cortex_m.a(thread.c.obj)
                0x00000000000075f8                arch_irq_unlock_outlined
 .text.arch_cpu_idle
                0x0000000000007606       0x1a zephyr/arch/arch/arm/core/cortex_m/libarch__arm__core__cortex_m.a(cpu_idle.c.obj)
                0x0000000000007606                arch_cpu_idle
 .text.arch_cpu_atomic_idle
                0x0000000000007620       0x1e zephyr/arch/arch/arm/core/cortex_m/libarch__arm__core__cortex_m.a(cpu_idle.c.obj)
                0x0000000000007620                arch_cpu_atomic_idle
 .text.arm_cmse_mpu_region_get
                0x000000000000763e       0x12 zephyr/arch/arch/arm/core/cortex_m/cmse/libarch__arm__core__cortex_m__cmse.a(arm_core_cmse.c.obj)
                0x000000000000763e                arm_cmse_mpu_region_get
 .text.mpu_configure_region
                0x0000000000007650       0x32 zephyr/arch/arch/arm/core/mpu/libarch__arm__core__mpu.a(arm_mpu.c.obj)
 .text.cbputc   0x0000000000007682        0xc zephyr/lib/libc/picolibc/liblib__libc__picolibc.a(cbprintf.c.obj)
 .text.picolibc_put
                0x000000000000768e        0xa zephyr/lib/libc/picolibc/liblib__libc__picolibc.a(stdio.c.obj)
 .text.get_status
                0x0000000000007698       0x12 zephyr/drivers/clock_control/libdrivers__clock_control.a(clock_control_nrf.c.obj)
 .text.stop     0x00000000000076aa       0x50 zephyr/drivers/clock_control/libdrivers__clock_control.a(clock_control_nrf.c.obj)
 .text.api_stop
                0x00000000000076fa        0x6 zephyr/drivers/clock_control/libdrivers__clock_control.a(clock_control_nrf.c.obj)
 .text.async_start
                0x0000000000007700       0x5a zephyr/drivers/clock_control/libdrivers__clock_control.a(clock_control_nrf.c.obj)
 .text.api_start
                0x000000000000775a        0xe zephyr/drivers/clock_control/libdrivers__clock_control.a(clock_control_nrf.c.obj)
 .text.onoff_started_callback
                0x0000000000007768       0x12 zephyr/drivers/clock_control/libdrivers__clock_control.a(clock_control_nrf.c.obj)
 .text.blocking_start_callback
                0x000000000000777a        0x6 zephyr/drivers/clock_control/libdrivers__clock_control.a(clock_control_nrf.c.obj)
 .text.lfclk_stop
                0x0000000000007780        0x4 zephyr/drivers/clock_control/libdrivers__clock_control.a(clock_control_nrf.c.obj)
 .text.lfclk_start
                0x0000000000007784        0x4 zephyr/drivers/clock_control/libdrivers__clock_control.a(clock_control_nrf.c.obj)
 .text.clock_event_handler
                0x0000000000007788       0x14 zephyr/drivers/clock_control/libdrivers__clock_control.a(clock_control_nrf.c.obj)
 .text.gpio_nrfx_port_get_raw
                0x000000000000779c        0xc zephyr/drivers/gpio/libdrivers__gpio.a(gpio_nrfx.c.obj)
 .text.gpio_nrfx_port_set_masked_raw
                0x00000000000077a8       0x14 zephyr/drivers/gpio/libdrivers__gpio.a(gpio_nrfx.c.obj)
 .text.gpio_nrfx_port_set_bits_raw
                0x00000000000077bc        0xa zephyr/drivers/gpio/libdrivers__gpio.a(gpio_nrfx.c.obj)
 .text.gpio_nrfx_port_clear_bits_raw
                0x00000000000077c6        0xa zephyr/drivers/gpio/libdrivers__gpio.a(gpio_nrfx.c.obj)
 .text.gpio_nrfx_port_toggle_bits
                0x00000000000077d0       0x14 zephyr/drivers/gpio/libdrivers__gpio.a(gpio_nrfx.c.obj)
 .text.gpio_nrfx_manage_callback
                0x00000000000077e4       0x52 zephyr/drivers/gpio/libdrivers__gpio.a(gpio_nrfx.c.obj)
 .text.gpio_nrfx_gpiote_irq_handler
                0x0000000000007836        0x4 zephyr/drivers/gpio/libdrivers__gpio.a(gpio_nrfx.c.obj)
                0x0000000000007836                gpio_nrfx_gpiote_irq_handler
 .text.pinctrl_lookup_state
                0x000000000000783a       0x26 zephyr/drivers/pinctrl/libdrivers__pinctrl.a(common.c.obj)
                0x000000000000783a                pinctrl_lookup_state
 .text.uarte_nrfx_isr_int
                0x0000000000007860        0xa zephyr/drivers/serial/libdrivers__serial.a(uart_nrfx_uarte.c.obj)
 .text.uarte_nrfx_err_check
                0x000000000000786a        0xe zephyr/drivers/serial/libdrivers__serial.a(uart_nrfx_uarte.c.obj)
 .text.uarte_nrfx_poll_in
                0x0000000000007878       0x26 zephyr/drivers/serial/libdrivers__serial.a(uart_nrfx_uarte.c.obj)
 .text.pinctrl_apply_state.isra.0
                0x000000000000789e       0x1e zephyr/drivers/serial/libdrivers__serial.a(uart_nrfx_uarte.c.obj)
 .text.uarte_instance_deinit
                0x00000000000078bc        0x6 zephyr/drivers/serial/libdrivers__serial.a(uart_nrfx_uarte.c.obj)
 .text.uarte_20_init
                0x00000000000078c2       0xb4 zephyr/drivers/serial/libdrivers__serial.a(uart_nrfx_uarte.c.obj)
 .text.grtc_post_init
                0x0000000000007976        0xc zephyr/drivers/timer/libdrivers__timer.a(nrf_grtc_timer.c.obj)
 .text.sys_clock_cycle_get_32
                0x0000000000007982        0x8 zephyr/drivers/timer/libdrivers__timer.a(nrf_grtc_timer.c.obj)
                0x0000000000007982                sys_clock_cycle_get_32
 .text._psa_crypto_init
                0x000000000000798a       0x1e modules/nrf/subsys/nrf_security/src/zephyr/libmbedtls_zephyr.a(psa_crypto_init.c.obj)
 .text.nrfx_isr
                0x00000000000079a8        0x6 modules/hal_nordic/modules/hal_nordic/nrfx/libmodules__hal_nordic__nrfx.a(nrfx_glue.c.obj)
                0x00000000000079a8                nrfx_isr
 .text.nrfx_busy_wait
                0x00000000000079ae        0x4 modules/hal_nordic/modules/hal_nordic/nrfx/libmodules__hal_nordic__nrfx.a(nrfx_glue.c.obj)
                0x00000000000079ae                nrfx_busy_wait
 .text.nrfx_flag32_alloc
                0x00000000000079b2       0x34 modules/hal_nordic/modules/hal_nordic/nrfx/libmodules__hal_nordic__nrfx.a(nrfx_flag32_allocator.c.obj)
                0x00000000000079b2                nrfx_flag32_alloc
 .text.nrfx_flag32_free
                0x00000000000079e6       0x32 modules/hal_nordic/modules/hal_nordic/nrfx/libmodules__hal_nordic__nrfx.a(nrfx_flag32_allocator.c.obj)
                0x00000000000079e6                nrfx_flag32_free
 .text.lfclk_event_handler
                0x0000000000007a18        0x4 modules/hal_nordic/modules/hal_nordic/nrfx/libmodules__hal_nordic__nrfx.a(nrfx_clock.c.obj)
 .text.nrfx_clock_start
                0x0000000000007a1c       0x10 modules/hal_nordic/modules/hal_nordic/nrfx/libmodules__hal_nordic__nrfx.a(nrfx_clock.c.obj)
                0x0000000000007a1c                nrfx_clock_start
 .text.nrfx_clock_stop
                0x0000000000007a2c       0x10 modules/hal_nordic/modules/hal_nordic/nrfx/libmodules__hal_nordic__nrfx.a(nrfx_clock.c.obj)
                0x0000000000007a2c                nrfx_clock_stop
 .text.CLOCK_POWER_IRQHandler
                0x0000000000007a3c        0xe modules/hal_nordic/modules/hal_nordic/nrfx/libmodules__hal_nordic__nrfx.a(nrfx_clock.c.obj)
                0x0000000000007a3c                CLOCK_POWER_IRQHandler
 .text.nrfx_clock_lfclk_stop
                0x0000000000007a4a        0x4 modules/hal_nordic/modules/hal_nordic/nrfx/libmodules__hal_nordic__nrfx.a(nrfx_clock_lfclk.c.obj)
                0x0000000000007a4a                nrfx_clock_lfclk_stop
 .text.nrfx_clock_xo_stop
                0x0000000000007a4e        0x4 modules/hal_nordic/modules/hal_nordic/nrfx/libmodules__hal_nordic__nrfx.a(nrfx_clock_xo.c.obj)
                0x0000000000007a4e                nrfx_clock_xo_stop
 .text.nrf_gpio_reconfigure
                0x0000000000007a52       0x92 modules/hal_nordic/modules/hal_nordic/nrfx/libmodules__hal_nordic__nrfx.a(nrfx_gpiote.c.obj)
 .text.nrf_gpio_cfg_sense_set
                0x0000000000007ae4       0x1e modules/hal_nordic/modules/hal_nordic/nrfx/libmodules__hal_nordic__nrfx.a(nrfx_gpiote.c.obj)
 .text.pin_in_use_by_te
                0x0000000000007b02       0x16 modules/hal_nordic/modules/hal_nordic/nrfx/libmodules__hal_nordic__nrfx.a(nrfx_gpiote.c.obj)
 .text.pin_is_output
                0x0000000000007b18       0x16 modules/hal_nordic/modules/hal_nordic/nrfx/libmodules__hal_nordic__nrfx.a(nrfx_gpiote.c.obj)
 .text.pin_te_get
                0x0000000000007b2e       0x14 modules/hal_nordic/modules/hal_nordic/nrfx/libmodules__hal_nordic__nrfx.a(nrfx_gpiote.c.obj)
 .text.call_handler
                0x0000000000007b42       0x3e modules/hal_nordic/modules/hal_nordic/nrfx/libmodules__hal_nordic__nrfx.a(nrfx_gpiote.c.obj)
 .text.release_handler
                0x0000000000007b80       0x54 modules/hal_nordic/modules/hal_nordic/nrfx/libmodules__hal_nordic__nrfx.a(nrfx_gpiote.c.obj)
 .text.__nrfy_internal_gpiote_events_process
                0x0000000000007bd4       0x4e modules/hal_nordic/modules/hal_nordic/nrfx/libmodules__hal_nordic__nrfx.a(nrfx_gpiote.c.obj)
 .text.pin_trigger_disable
                0x0000000000007c22       0x46 modules/hal_nordic/modules/hal_nordic/nrfx/libmodules__hal_nordic__nrfx.a(nrfx_gpiote.c.obj)
 .text.nrfx_gpiote_input_configure
                0x0000000000007c68      0x172 modules/hal_nordic/modules/hal_nordic/nrfx/libmodules__hal_nordic__nrfx.a(nrfx_gpiote.c.obj)
                0x0000000000007c68                nrfx_gpiote_input_configure
 .text.nrfx_gpiote_global_callback_set
                0x0000000000007dda        0x6 modules/hal_nordic/modules/hal_nordic/nrfx/libmodules__hal_nordic__nrfx.a(nrfx_gpiote.c.obj)
                0x0000000000007dda                nrfx_gpiote_global_callback_set
 .text.nrfx_gpiote_channel_get
                0x0000000000007de0       0x26 modules/hal_nordic/modules/hal_nordic/nrfx/libmodules__hal_nordic__nrfx.a(nrfx_gpiote.c.obj)
                0x0000000000007de0                nrfx_gpiote_channel_get
 .text.nrfx_gpiote_init_check
                0x0000000000007e06        0xc modules/hal_nordic/modules/hal_nordic/nrfx/libmodules__hal_nordic__nrfx.a(nrfx_gpiote.c.obj)
                0x0000000000007e06                nrfx_gpiote_init_check
 .text.nrfx_gpiote_pin_uninit
                0x0000000000007e12        0x4 modules/hal_nordic/modules/hal_nordic/nrfx/libmodules__hal_nordic__nrfx.a(nrfx_gpiote.c.obj)
                0x0000000000007e12                nrfx_gpiote_pin_uninit
 .text.nrfx_gpiote_trigger_enable
                0x0000000000007e16       0xa4 modules/hal_nordic/modules/hal_nordic/nrfx/libmodules__hal_nordic__nrfx.a(nrfx_gpiote.c.obj)
                0x0000000000007e16                nrfx_gpiote_trigger_enable
 .text.nrfx_gpiote_trigger_disable
                0x0000000000007eba        0x4 modules/hal_nordic/modules/hal_nordic/nrfx/libmodules__hal_nordic__nrfx.a(nrfx_gpiote.c.obj)
                0x0000000000007eba                nrfx_gpiote_trigger_disable
 .text.nrfx_rramc_write_enable_set
                0x0000000000007ebe        0x6 modules/hal_nordic/modules/hal_nordic/nrfx/libmodules__hal_nordic__nrfx.a(nrfx_rramc.c.obj)
                0x0000000000007ebe                nrfx_rramc_write_enable_set
 .text.z_impl_k_busy_wait
                0x0000000000007ec4        0x8 zephyr/kernel/libkernel.a(busy_wait.c.obj)
                0x0000000000007ec4                z_impl_k_busy_wait
 .text.do_device_init
                0x0000000000007ecc       0x30 zephyr/kernel/libkernel.a(device.c.obj)
                0x0000000000007ecc                do_device_init
 .text.z_impl_device_is_ready
                0x0000000000007efc       0x16 zephyr/kernel/libkernel.a(device.c.obj)
                0x0000000000007efc                z_impl_device_is_ready
 .text.arch_system_halt
                0x0000000000007f12       0x10 zephyr/kernel/libkernel.a(fatal.c.obj)
                0x0000000000007f12                arch_system_halt
 .text.idle     0x0000000000007f22       0x16 zephyr/kernel/libkernel.a(idle.c.obj)
                0x0000000000007f22                idle
 .text.adjust_owner_prio.isra.0
                0x0000000000007f38       0x10 zephyr/kernel/libkernel.a(mutex.c.obj)
 .text.z_impl_k_sem_init
                0x0000000000007f48       0x18 zephyr/kernel/libkernel.a(sem.c.obj)
                0x0000000000007f48                z_impl_k_sem_init
 .text.k_is_in_isr
                0x0000000000007f60        0xc zephyr/kernel/libkernel.a(thread.c.obj)
                0x0000000000007f60                k_is_in_isr
 .text.z_impl_k_thread_name_set
                0x0000000000007f6c        0x6 zephyr/kernel/libkernel.a(thread.c.obj)
                0x0000000000007f6c                z_impl_k_thread_name_set
 .text.k_thread_name_get
                0x0000000000007f72        0x4 zephyr/kernel/libkernel.a(thread.c.obj)
                0x0000000000007f72                k_thread_name_get
 .text.sys_dlist_remove
                0x0000000000007f76       0x10 zephyr/kernel/libkernel.a(sched.c.obj)
 .text.unpend_thread_no_timeout
                0x0000000000007f86       0x14 zephyr/kernel/libkernel.a(sched.c.obj)
 .text.add_to_waitq_locked
                0x0000000000007f9a       0x50 zephyr/kernel/libkernel.a(sched.c.obj)
 .text.z_ready_thread
                0x0000000000007fea       0x1e zephyr/kernel/libkernel.a(sched.c.obj)
                0x0000000000007fea                z_ready_thread
 .text.z_unpend_thread_no_timeout
                0x0000000000008008       0x22 zephyr/kernel/libkernel.a(sched.c.obj)
                0x0000000000008008                z_unpend_thread_no_timeout
 .text.z_sched_wake_thread
                0x000000000000802a       0x46 zephyr/kernel/libkernel.a(sched.c.obj)
                0x000000000000802a                z_sched_wake_thread
 .text.z_thread_timeout
                0x0000000000008070        0x8 zephyr/kernel/libkernel.a(sched.c.obj)
                0x0000000000008070                z_thread_timeout
 .text.z_unpend1_no_timeout
                0x0000000000008078       0x2c zephyr/kernel/libkernel.a(sched.c.obj)
                0x0000000000008078                z_unpend1_no_timeout
 .text.z_impl_k_usleep
                0x00000000000080a4       0x1a zephyr/kernel/libkernel.a(sched.c.obj)
                0x00000000000080a4                z_impl_k_usleep
 .text.z_sched_waitq_walk
                0x00000000000080be       0x44 zephyr/kernel/libkernel.a(sched.c.obj)
                0x00000000000080be                z_sched_waitq_walk
 .text.next_timeout
                0x0000000000008102       0x2e zephyr/kernel/libkernel.a(timeout.c.obj)
 .text.z_abort_timeout
                0x0000000000008130       0x50 zephyr/kernel/libkernel.a(timeout.c.obj)
                0x0000000000008130                z_abort_timeout
 .text.sys_clock_tick_get_32
                0x0000000000008180        0x8 zephyr/kernel/libkernel.a(timeout.c.obj)
                0x0000000000008180                sys_clock_tick_get_32
 .text.z_impl_k_uptime_ticks
                0x0000000000008188        0x4 zephyr/kernel/libkernel.a(timeout.c.obj)
                0x0000000000008188                z_impl_k_uptime_ticks
 .text.k_timer_init
                0x000000000000818c       0x18 zephyr/kernel/libkernel.a(timer.c.obj)
                0x000000000000818c                k_timer_init
 .text.z_impl_k_timer_stop
                0x00000000000081a4       0x38 zephyr/kernel/libkernel.a(timer.c.obj)
                0x00000000000081a4                z_impl_k_timer_stop
 .text.psa_remove_key_data_from_memory
                0x00000000000081dc       0x16 modules/nrf/subsys/nrf_security/src/core/nrf_oberon/libpsa_core.a(psa_crypto.c.obj)
                0x00000000000081dc                psa_remove_key_data_from_memory
 .text.psa_wipe_key_slot
                0x00000000000081f2       0x3a modules/nrf/subsys/nrf_security/src/core/nrf_oberon/libpsa_core.a(psa_crypto.c.obj)
                0x00000000000081f2                psa_wipe_key_slot
 .text.psa_driver_wrapper_init
                0x000000000000822c        0x4 modules/nrf/subsys/nrf_security/src/core/nrf_oberon/libpsa_core.a(psa_crypto_driver_wrappers.c.obj)
                0x000000000000822c                psa_driver_wrapper_init
 .text.psa_driver_wrapper_free
                0x0000000000008230        0x2 modules/nrf/subsys/nrf_security/src/core/nrf_oberon/libpsa_core.a(psa_crypto_driver_wrappers.c.obj)
                0x0000000000008230                psa_driver_wrapper_free
 .text.psa_driver_wrapper_init_random
                0x0000000000008232        0x4 modules/nrf/subsys/nrf_security/src/core/nrf_oberon/libpsa_core.a(psa_crypto_driver_wrappers.c.obj)
                0x0000000000008232                psa_driver_wrapper_init_random
 .text.psa_driver_wrapper_free_random
                0x0000000000008236        0x4 modules/nrf/subsys/nrf_security/src/core/nrf_oberon/libpsa_core.a(psa_crypto_driver_wrappers.c.obj)
                0x0000000000008236                psa_driver_wrapper_free_random
 .text.platform_free_uninit
                0x000000000000823a        0x2 modules/nrf/subsys/nrf_security/src/core/nrf_oberon/libpsa_core.a(platform.c.obj)
 .text.mbedtls_zeroize_and_free
                0x000000000000823c       0x14 modules/nrf/subsys/nrf_security/src/core/nrf_oberon/libpsa_core.a(platform_util.c.obj)
                0x000000000000823c                mbedtls_zeroize_and_free
 .text.silex_statuscodes_to_psa
                0x0000000000008250       0xbc modules/nrf/subsys/nrf_security/src/drivers/cracen/libcracen_psa_driver.a(common.c.obj)
                0x0000000000008250                silex_statuscodes_to_psa
 .text.cracen_xorbytes
                0x000000000000830c       0x1a modules/nrf/subsys/nrf_security/src/drivers/cracen/libcracen_psa_driver.a(common.c.obj)
                0x000000000000830c                cracen_xorbytes
 .text.cracen_be_add
                0x0000000000008326       0x14 modules/nrf/subsys/nrf_security/src/drivers/cracen/libcracen_psa_driver.a(common.c.obj)
                0x0000000000008326                cracen_be_add
 .text.safe_memset
                0x000000000000833a       0x16 modules/nrf/subsys/nrf_security/src/drivers/cracen/libcracen_psa_driver.a(mem_helpers.c.obj)
                0x000000000000833a                safe_memset
 .text.safe_memzero
                0x0000000000008350       0x18 modules/nrf/subsys/nrf_security/src/drivers/cracen/libcracen_psa_driver.a(mem_helpers.c.obj)
                0x0000000000008350                safe_memzero
 .text.psa_extend_key_usage_flags
                0x0000000000008368       0x1a modules/nrf/subsys/nrf_security/src/drivers/cracen/libcracen_psa_driver.a(ctr_drbg.c.obj)
 .text.trng_get_entropy
                0x0000000000008382       0x50 modules/nrf/subsys/nrf_security/src/drivers/cracen/libcracen_psa_driver.a(ctr_drbg.c.obj)
 .text.lib_kmu_is_slot_empty
                0x00000000000083d2       0x14 modules/nrf/subsys/nrf_security/src/drivers/cracen/libcracen_psa_driver.a(lib_kmu.c.obj)
                0x00000000000083d2                lib_kmu_is_slot_empty
 .text.psa_set_key_usage_flags
                0x00000000000083e6       0x14 modules/nrf/subsys/nrf_security/src/drivers/cracen/libcracen_psa_driver.a(kmu.c.obj)
 .text.set_provisioning_in_progress
                0x00000000000083fa       0x30 modules/nrf/subsys/nrf_security/src/drivers/cracen/libcracen_psa_driver.a(kmu.c.obj)
 .text.clean_up_unfinished_provisioning
                0x000000000000842a       0x46 modules/nrf/subsys/nrf_security/src/drivers/cracen/libcracen_psa_driver.a(kmu.c.obj)
 .text.cracen_push_prot_ram_inv_slots
                0x0000000000008470       0x2e modules/nrf/subsys/nrf_security/src/drivers/cracen/libcracen_psa_driver.a(kmu.c.obj)
                0x0000000000008470                cracen_push_prot_ram_inv_slots
 .text.sx_cmdma_reset
                0x000000000000849e       0x4a modules/nrf/subsys/nrf_security/src/drivers/cracen/libcracen_psa_driver.a(cmdma.c.obj)
                0x000000000000849e                sx_cmdma_reset
 .text.sx_cmdma_check
                0x00000000000084e8       0x4e modules/nrf/subsys/nrf_security/src/drivers/cracen/libcracen_psa_driver.a(cmdma.c.obj)
                0x00000000000084e8                sx_cmdma_check
 .text.sx_trng_close
                0x0000000000008536       0x14 modules/nrf/subsys/nrf_security/src/drivers/cracen/libcracen_psa_driver.a(trng.c.obj)
                0x0000000000008536                sx_trng_close
 .text.sx_clear_interrupt
                0x000000000000854a        0x8 modules/nrf/subsys/nrf_security/src/drivers/cracen/libcracen_psa_driver.a(pk_baremetal.c.obj)
                0x000000000000854a                sx_clear_interrupt
 .text.convert_ba414_capabilities
                0x0000000000008552       0x4c modules/nrf/subsys/nrf_security/src/drivers/cracen/libcracen_psa_driver.a(ba414_status.c.obj)
                0x0000000000008552                convert_ba414_capabilities
 .text.mbedtls_mutex_unlock_fn
                0x000000000000859e        0x4 modules/nrf/subsys/nrf_security/src/libmbedcrypto_base.a(threading_alt.c.obj)
                0x000000000000859e                mbedtls_mutex_unlock_fn
 .text.mbedtls_mutex_lock_fn
                0x00000000000085a2        0xc modules/nrf/subsys/nrf_security/src/libmbedcrypto_base.a(threading_alt.c.obj)
                0x00000000000085a2                mbedtls_mutex_lock_fn
 .text.nrf_security_mutex_lock
                0x00000000000085ae        0xc modules/nrf/subsys/nrf_security/src/libnrf_security_utils.a(nrf_security_mutexes.c.obj)
                0x00000000000085ae                nrf_security_mutex_lock
 .text.nrf_security_mutex_unlock
                0x00000000000085ba        0x4 modules/nrf/subsys/nrf_security/src/libnrf_security_utils.a(nrf_security_mutexes.c.obj)
                0x00000000000085ba                nrf_security_mutex_unlock
 .text.nrf_security_event_init
                0x00000000000085be        0x4 modules/nrf/subsys/nrf_security/src/libnrf_security_utils.a(nrf_security_events.c.obj)
                0x00000000000085be                nrf_security_event_init
 .text.nrf_security_event_wait
                0x00000000000085c2       0x1a modules/nrf/subsys/nrf_security/src/libnrf_security_utils.a(nrf_security_events.c.obj)
                0x00000000000085c2                nrf_security_event_wait
 .text.nrf_security_event_clear
                0x00000000000085dc        0x4 modules/nrf/subsys/nrf_security/src/libnrf_security_utils.a(nrf_security_events.c.obj)
                0x00000000000085dc                nrf_security_event_clear
 .text.nrf_security_event_set
                0x00000000000085e0        0x4 modules/nrf/subsys/nrf_security/src/libnrf_security_utils.a(nrf_security_events.c.obj)
                0x00000000000085e0                nrf_security_event_set
 .text.nrf_security_core_delay_us
                0x00000000000085e4        0x4 modules/nrf/subsys/nrf_security/src/libnrf_security_utils.a(nrf_security_core.c.obj)
                0x00000000000085e4                nrf_security_core_delay_us
 .text.k_event_wait_internal
                0x00000000000085e8       0x86 zephyr/kernel/libkernel.a(events.c.obj)
 .text.event_walk_op
                0x000000000000866e       0x3c zephyr/kernel/libkernel.a(events.c.obj)
 .text.z_impl_k_event_init
                0x00000000000086aa        0xa zephyr/kernel/libkernel.a(events.c.obj)
                0x00000000000086aa                z_impl_k_event_init
 .text.z_impl_k_event_set
                0x00000000000086b4        0x8 zephyr/kernel/libkernel.a(events.c.obj)
                0x00000000000086b4                z_impl_k_event_set
 .text.z_impl_k_event_clear
                0x00000000000086bc        0x8 zephyr/kernel/libkernel.a(events.c.obj)
                0x00000000000086bc                z_impl_k_event_clear
 .text.z_impl_k_event_wait
                0x00000000000086c4        0x6 zephyr/kernel/libkernel.a(events.c.obj)
                0x00000000000086c4                z_impl_k_event_wait
 .text.memcpy   0x00000000000086ca       0x1a /opt/nordic/ncs/toolchains/322ac893fe/opt/zephyr-sdk/arm-zephyr-eabi/bin/../lib/gcc/../../picolibc/arm-zephyr-eabi/lib/thumb/v8-m.main/nofp/libc.a(memcpy.c.o)
                0x00000000000086ca                memcpy
                0x00000000000086ca                __aeabi_memcpy
                0x00000000000086ca                __aeabi_memcpy4
                0x00000000000086ca                __aeabi_memcpy8
 .text.memset   0x00000000000086e4       0x10 /opt/nordic/ncs/toolchains/322ac893fe/opt/zephyr-sdk/arm-zephyr-eabi/bin/../lib/gcc/../../picolibc/arm-zephyr-eabi/lib/thumb/v8-m.main/nofp/libc.a(memset.c.o)
                0x00000000000086e4                memset
 .text.strnlen  0x00000000000086f4       0x18 /opt/nordic/ncs/toolchains/322ac893fe/opt/zephyr-sdk/arm-zephyr-eabi/bin/../lib/gcc/../../picolibc/arm-zephyr-eabi/lib/thumb/v8-m.main/nofp/libc.a(libc_string_strnlen.c.o)
                0x00000000000086f4                strnlen
 .text.__ultoa_invert
                0x000000000000870c       0xac /opt/nordic/ncs/toolchains/322ac893fe/opt/zephyr-sdk/arm-zephyr-eabi/bin/../lib/gcc/../../picolibc/arm-zephyr-eabi/lib/thumb/v8-m.main/nofp/libc.a(libc_tinystdio_vflprintf.c.o)
 .text.__file_str_put
                0x00000000000087b8       0x10 /opt/nordic/ncs/toolchains/322ac893fe/opt/zephyr-sdk/arm-zephyr-eabi/bin/../lib/gcc/../../picolibc/arm-zephyr-eabi/lib/thumb/v8-m.main/nofp/libc.a(libc_tinystdio_filestrput.c.o)
                0x00000000000087b8                __file_str_put
 *(SORT_BY_ALIGNMENT(.TEXT.*))
 .TEXT.__aeabi_read_tp
                0x00000000000087c8        0xc zephyr/arch/arch/arm/core/cortex_m/libarch__arm__core__cortex_m.a(__aeabi_read_tp.S.obj)
                0x00000000000087c8                __aeabi_read_tp
 *(SORT_BY_ALIGNMENT(.gnu.linkonce.t.*))
 *(SORT_BY_ALIGNMENT(.glue_7t))
 .glue_7t       0x00000000000087d4        0x0 linker stubs
 *(SORT_BY_ALIGNMENT(.glue_7))
 .glue_7        0x00000000000087d4        0x0 linker stubs
 *(SORT_BY_ALIGNMENT(.vfp11_veneer))
 .vfp11_veneer  0x00000000000087d4        0x0 linker stubs
 *(SORT_BY_ALIGNMENT(.v4_bx))
 .v4_bx         0x00000000000087d4        0x0 linker stubs
                0x00000000000087d4                . = ALIGN (0x4)
                0x00000000000087d4                __text_region_end = .

.ARM.exidx      0x00000000000087d4        0x8
                0x00000000000087d4                __exidx_start = .
 *(SORT_BY_ALIGNMENT(.ARM.exidx*) SORT_BY_ALIGNMENT(gnu.linkonce.armexidx.*))
 .ARM.exidx     0x00000000000087d4        0x8 /opt/nordic/ncs/toolchains/322ac893fe/opt/zephyr-sdk/arm-zephyr-eabi/bin/../lib/gcc/../../picolibc/arm-zephyr-eabi/lib/thumb/v8-m.main/nofp/libc.a(strlen.S.o)
 .ARM.exidx     0x00000000000087dc        0x0 /opt/nordic/ncs/toolchains/322ac893fe/opt/zephyr-sdk/arm-zephyr-eabi/bin/../lib/gcc/arm-zephyr-eabi/12.2.0/thumb/v8-m.main/nofp/libgcc.a(_udivmoddi4.o)
                                          0x8 (size before relaxing)
                0x00000000000087dc                __exidx_end = .
                0x00000000000087dc                __rodata_region_start = .

initlevel       0x00000000000087dc       0x60
                0x00000000000087dc                __init_start = .
                0x00000000000087dc                __init_EARLY_start = .
 *(SORT_BY_NAME(SORT_BY_ALIGNMENT(.z_init_EARLY_P_?_*)))
 .z_init_EARLY_P_0_SUB_0_
                0x00000000000087dc        0x8 zephyr/drivers/timer/libdrivers__timer.a(nrf_grtc_timer.c.obj)
 *(SORT_BY_NAME(SORT_BY_ALIGNMENT(.z_init_EARLY_P_??_*)))
 *(SORT_BY_NAME(SORT_BY_ALIGNMENT(.z_init_EARLY_P_???_*)))
                0x00000000000087e4                __init_PRE_KERNEL_1_start = .
 *(SORT_BY_NAME(SORT_BY_ALIGNMENT(.z_init_PRE_KERNEL_1_P_?_*)))
 .z_init_PRE_KERNEL_1_P_0_SUB_0_
                0x00000000000087e4        0x8 zephyr/soc/soc/nrf54l15/libsoc__nordic.a(soc.c.obj)
 *(SORT_BY_NAME(SORT_BY_ALIGNMENT(.z_init_PRE_KERNEL_1_P_??_*)))
 .z_init_PRE_KERNEL_1_P_30_SUB_00058_
                0x00000000000087ec        0x8 zephyr/drivers/clock_control/libdrivers__clock_control.a(clock_control_nrf.c.obj)
 .z_init_PRE_KERNEL_1_P_40_SUB_00011_
                0x00000000000087f4        0x8 zephyr/drivers/gpio/libdrivers__gpio.a(gpio_nrfx.c.obj)
 .z_init_PRE_KERNEL_1_P_40_SUB_00013_
                0x00000000000087fc        0x8 zephyr/drivers/gpio/libdrivers__gpio.a(gpio_nrfx.c.obj)
 .z_init_PRE_KERNEL_1_P_40_SUB_00024_
                0x0000000000008804        0x8 zephyr/drivers/gpio/libdrivers__gpio.a(gpio_nrfx.c.obj)
 .z_init_PRE_KERNEL_1_P_50_SUB_00103_
                0x000000000000880c        0x8 zephyr/drivers/serial/libdrivers__serial.a(uart_nrfx_uarte.c.obj)
 .z_init_PRE_KERNEL_1_P_60_SUB_0_
                0x0000000000008814        0x8 zephyr/drivers/console/libdrivers__console.a(uart_console.c.obj)
 *(SORT_BY_NAME(SORT_BY_ALIGNMENT(.z_init_PRE_KERNEL_1_P_???_*)))
                0x000000000000881c                __init_PRE_KERNEL_2_start = .
 *(SORT_BY_NAME(SORT_BY_ALIGNMENT(.z_init_PRE_KERNEL_2_P_?_*)))
 .z_init_PRE_KERNEL_2_P_0_SUB_0_
                0x000000000000881c        0x8 zephyr/drivers/timer/libdrivers__timer.a(nrf_grtc_timer.c.obj)
 *(SORT_BY_NAME(SORT_BY_ALIGNMENT(.z_init_PRE_KERNEL_2_P_??_*)))
 *(SORT_BY_NAME(SORT_BY_ALIGNMENT(.z_init_PRE_KERNEL_2_P_???_*)))
                0x0000000000008824                __init_POST_KERNEL_start = .
 *(SORT_BY_NAME(SORT_BY_ALIGNMENT(.z_init_POST_KERNEL_P_?_*)))
 .z_init_POST_KERNEL_P_0_SUB_0_
                0x0000000000008824        0x8 zephyr/libzephyr.a(log_core.c.obj)
 *(SORT_BY_NAME(SORT_BY_ALIGNMENT(.z_init_POST_KERNEL_P_??_*)))
 .z_init_POST_KERNEL_P_35_SUB_0_
                0x000000000000882c        0x8 zephyr/lib/libc/common/liblib__libc__common.a(malloc.c.obj)
 .z_init_POST_KERNEL_P_50_SUB_0_
                0x0000000000008834        0x8 modules/nrf/subsys/nrf_security/src/zephyr/libmbedtls_zephyr.a(psa_crypto_init.c.obj)
 *(SORT_BY_NAME(SORT_BY_ALIGNMENT(.z_init_POST_KERNEL_P_???_*)))
                0x000000000000883c                __init_APPLICATION_start = .
 *(SORT_BY_NAME(SORT_BY_ALIGNMENT(.z_init_APPLICATION_P_?_*)))
 *(SORT_BY_NAME(SORT_BY_ALIGNMENT(.z_init_APPLICATION_P_??_*)))
 *(SORT_BY_NAME(SORT_BY_ALIGNMENT(.z_init_APPLICATION_P_???_*)))
                0x000000000000883c                __init_SMP_start = .
 *(SORT_BY_NAME(SORT_BY_ALIGNMENT(.z_init_SMP_P_?_*)))
 *(SORT_BY_NAME(SORT_BY_ALIGNMENT(.z_init_SMP_P_??_*)))
 *(SORT_BY_NAME(SORT_BY_ALIGNMENT(.z_init_SMP_P_???_*)))
                0x000000000000883c                __init_end = .

device_area     0x000000000000883c       0xa0
                0x000000000000883c                _device_list_start = .
 *(SORT_BY_NAME(SORT_BY_ALIGNMENT(._device.static.*_?_*)))
 *(SORT_BY_NAME(SORT_BY_ALIGNMENT(._device.static.*_??_*)))
 ._device.static.1_30_
                0x000000000000883c       0x20 zephyr/drivers/clock_control/libdrivers__clock_control.a(clock_control_nrf.c.obj)
                0x000000000000883c                __device_dts_ord_58
 ._device.static.1_40_
                0x000000000000885c       0x60 zephyr/drivers/gpio/libdrivers__gpio.a(gpio_nrfx.c.obj)
                0x000000000000885c                __device_dts_ord_13
                0x000000000000887c                __device_dts_ord_11
                0x000000000000889c                __device_dts_ord_24
 ._device.static.1_50_
                0x00000000000088bc       0x20 zephyr/drivers/serial/libdrivers__serial.a(uart_nrfx_uarte.c.obj)
                0x00000000000088bc                __device_dts_ord_103
 *(SORT_BY_NAME(SORT_BY_ALIGNMENT(._device.static.*_???_*)))
 *(SORT_BY_NAME(SORT_BY_ALIGNMENT(._device.static.*_????_*)))
 *(SORT_BY_NAME(SORT_BY_ALIGNMENT(._device.static.*_?????_*)))
                0x00000000000088dc                _device_list_end = .

sw_isr_table    0x00000000000088dc      0x878
                0x00000000000088dc                . = ALIGN (0x4)
 *(SORT_BY_ALIGNMENT(.gnu.linkonce.sw_isr_table*))
 .gnu.linkonce.sw_isr_table
                0x00000000000088dc      0x878 zephyr/CMakeFiles/zephyr_final.dir/isr_tables.c.obj
                0x00000000000088dc                _sw_isr_table

initlevel_error
                0x00000000000087dc        0x0
 *(SORT_BY_NAME(SORT_BY_ALIGNMENT(.z_init_*)))
                0x0000000000000001                ASSERT ((SIZEOF (initlevel_error) == 0x0), Undefined initialization levels used.)

app_shmem_regions
                0x0000000000009154        0x0
                0x0000000000009154                __app_shmem_regions_start = .
 *(SORT_BY_NAME(SORT_BY_ALIGNMENT(.app_regions.*)))
                0x0000000000009154                __app_shmem_regions_end = .

k_p4wq_initparam_area
                0x0000000000009154        0x0
                0x0000000000009154                _k_p4wq_initparam_list_start = .
 *(SORT_BY_NAME(SORT_BY_ALIGNMENT(._k_p4wq_initparam.static.*)))
                0x0000000000009154                _k_p4wq_initparam_list_end = .

_static_thread_data_area
                0x0000000000009154        0x0
                0x0000000000009154                __static_thread_data_list_start = .
 *(SORT_BY_NAME(SORT_BY_ALIGNMENT(.__static_thread_data.static.*)))
                0x0000000000009154                __static_thread_data_list_end = .

device_deps     0x0000000000009154        0x0
                0x0000000000009154                __device_deps_start = .
 *(SORT_BY_NAME(SORT_BY_ALIGNMENT(.__device_deps_pass2*)))
                0x0000000000009154                __device_deps_end = .

gpio_driver_api_area
                0x0000000000009154       0x24
                0x0000000000009154                _gpio_driver_api_list_start = .
 *(SORT_BY_NAME(SORT_BY_ALIGNMENT(._gpio_driver_api.static.*)))
 ._gpio_driver_api.static.gpio_nrfx_drv_api_funcs_
                0x0000000000009154       0x24 zephyr/drivers/gpio/libdrivers__gpio.a(gpio_nrfx.c.obj)
                0x0000000000009178                _gpio_driver_api_list_end = .

shared_irq_driver_api_area
                0x0000000000009178        0x0
                0x0000000000009178                _shared_irq_driver_api_list_start = .
 *(SORT_BY_NAME(SORT_BY_ALIGNMENT(._shared_irq_driver_api.static.*)))
                0x0000000000009178                _shared_irq_driver_api_list_end = .

crypto_driver_api_area
                0x0000000000009178        0x0
                0x0000000000009178                _crypto_driver_api_list_start = .
 *(SORT_BY_NAME(SORT_BY_ALIGNMENT(._crypto_driver_api.static.*)))
                0x0000000000009178                _crypto_driver_api_list_end = .

adc_driver_api_area
                0x0000000000009178        0x0
                0x0000000000009178                _adc_driver_api_list_start = .
 *(SORT_BY_NAME(SORT_BY_ALIGNMENT(._adc_driver_api.static.*)))
                0x0000000000009178                _adc_driver_api_list_end = .

auxdisplay_driver_api_area
                0x0000000000009178        0x0
                0x0000000000009178                _auxdisplay_driver_api_list_start = .
 *(SORT_BY_NAME(SORT_BY_ALIGNMENT(._auxdisplay_driver_api.static.*)))
                0x0000000000009178                _auxdisplay_driver_api_list_end = .

bbram_driver_api_area
                0x0000000000009178        0x0
                0x0000000000009178                _bbram_driver_api_list_start = .
 *(SORT_BY_NAME(SORT_BY_ALIGNMENT(._bbram_driver_api.static.*)))
                0x0000000000009178                _bbram_driver_api_list_end = .

bt_hci_driver_api_area
                0x0000000000009178        0x0
                0x0000000000009178                _bt_hci_driver_api_list_start = .
 *(SORT_BY_NAME(SORT_BY_ALIGNMENT(._bt_hci_driver_api.static.*)))
                0x0000000000009178                _bt_hci_driver_api_list_end = .

can_driver_api_area
                0x0000000000009178        0x0
                0x0000000000009178                _can_driver_api_list_start = .
 *(SORT_BY_NAME(SORT_BY_ALIGNMENT(._can_driver_api.static.*)))
                0x0000000000009178                _can_driver_api_list_end = .

cellular_driver_api_area
                0x0000000000009178        0x0
                0x0000000000009178                _cellular_driver_api_list_start = .
 *(SORT_BY_NAME(SORT_BY_ALIGNMENT(._cellular_driver_api.static.*)))
                0x0000000000009178                _cellular_driver_api_list_end = .

charger_driver_api_area
                0x0000000000009178        0x0
                0x0000000000009178                _charger_driver_api_list_start = .
 *(SORT_BY_NAME(SORT_BY_ALIGNMENT(._charger_driver_api.static.*)))
                0x0000000000009178                _charger_driver_api_list_end = .

clock_control_driver_api_area
                0x0000000000009178       0x1c
                0x0000000000009178                _clock_control_driver_api_list_start = .
 *(SORT_BY_NAME(SORT_BY_ALIGNMENT(._clock_control_driver_api.static.*)))
 ._clock_control_driver_api.static.clock_control_api_